Archive member included to satisfy reference by file (symbol)

/Users/alfredosantiago/gcc-arm-none-eabi-9-2019-q4-major/bin/../lib/gcc/arm-none-eabi/9.2.1/thumb/v6-m/nofp/libgcc.a(_udivsi3.o)
                              system_stm32f0xx.o (__aeabi_uidiv)
/Users/alfredosantiago/gcc-arm-none-eabi-9-2019-q4-major/bin/../lib/gcc/arm-none-eabi/9.2.1/thumb/v6-m/nofp/libgcc.a(_dvmd_tls.o)
                              /Users/alfredosantiago/gcc-arm-none-eabi-9-2019-q4-major/bin/../lib/gcc/arm-none-eabi/9.2.1/thumb/v6-m/nofp/libgcc.a(_udivsi3.o) (__aeabi_idiv0)
/Users/alfredosantiago/gcc-arm-none-eabi-9-2019-q4-major/bin/../lib/gcc/arm-none-eabi/9.2.1/thumb/v6-m/nofp/libgcc.a(unwind-arm.o)
                              main.o (__aeabi_unwind_cpp_pr1)
/Users/alfredosantiago/gcc-arm-none-eabi-9-2019-q4-major/bin/../lib/gcc/arm-none-eabi/9.2.1/thumb/v6-m/nofp/libgcc.a(libunwind.o)
                              /Users/alfredosantiago/gcc-arm-none-eabi-9-2019-q4-major/bin/../lib/gcc/arm-none-eabi/9.2.1/thumb/v6-m/nofp/libgcc.a(unwind-arm.o) (restore_core_regs)
/Users/alfredosantiago/gcc-arm-none-eabi-9-2019-q4-major/bin/../lib/gcc/arm-none-eabi/9.2.1/thumb/v6-m/nofp/libgcc.a(pr-support.o)
                              /Users/alfredosantiago/gcc-arm-none-eabi-9-2019-q4-major/bin/../lib/gcc/arm-none-eabi/9.2.1/thumb/v6-m/nofp/libgcc.a(unwind-arm.o) (__gnu_unwind_execute)
/Users/alfredosantiago/gcc-arm-none-eabi-9-2019-q4-major/bin/../lib/gcc/arm-none-eabi/9.2.1/../../../../arm-none-eabi/lib/thumb/v6-m/nofp/libc.a(lib_a-abort.o)
                              /Users/alfredosantiago/gcc-arm-none-eabi-9-2019-q4-major/bin/../lib/gcc/arm-none-eabi/9.2.1/thumb/v6-m/nofp/libgcc.a(unwind-arm.o) (abort)
/Users/alfredosantiago/gcc-arm-none-eabi-9-2019-q4-major/bin/../lib/gcc/arm-none-eabi/9.2.1/../../../../arm-none-eabi/lib/thumb/v6-m/nofp/libc.a(lib_a-exit.o)
                              /Users/alfredosantiago/gcc-arm-none-eabi-9-2019-q4-major/bin/../lib/gcc/arm-none-eabi/9.2.1/../../../../arm-none-eabi/lib/thumb/v6-m/nofp/crt0.o (exit)
/Users/alfredosantiago/gcc-arm-none-eabi-9-2019-q4-major/bin/../lib/gcc/arm-none-eabi/9.2.1/../../../../arm-none-eabi/lib/thumb/v6-m/nofp/libc.a(lib_a-impure.o)
                              /Users/alfredosantiago/gcc-arm-none-eabi-9-2019-q4-major/bin/../lib/gcc/arm-none-eabi/9.2.1/../../../../arm-none-eabi/lib/thumb/v6-m/nofp/libc.a(lib_a-exit.o) (_global_impure_ptr)
/Users/alfredosantiago/gcc-arm-none-eabi-9-2019-q4-major/bin/../lib/gcc/arm-none-eabi/9.2.1/../../../../arm-none-eabi/lib/thumb/v6-m/nofp/libc.a(lib_a-init.o)
                              /Users/alfredosantiago/gcc-arm-none-eabi-9-2019-q4-major/bin/../lib/gcc/arm-none-eabi/9.2.1/../../../../arm-none-eabi/lib/thumb/v6-m/nofp/crt0.o (__libc_init_array)
/Users/alfredosantiago/gcc-arm-none-eabi-9-2019-q4-major/bin/../lib/gcc/arm-none-eabi/9.2.1/../../../../arm-none-eabi/lib/thumb/v6-m/nofp/libc.a(lib_a-memcpy-stub.o)
                              /Users/alfredosantiago/gcc-arm-none-eabi-9-2019-q4-major/bin/../lib/gcc/arm-none-eabi/9.2.1/thumb/v6-m/nofp/libgcc.a(unwind-arm.o) (memcpy)
/Users/alfredosantiago/gcc-arm-none-eabi-9-2019-q4-major/bin/../lib/gcc/arm-none-eabi/9.2.1/../../../../arm-none-eabi/lib/thumb/v6-m/nofp/libc.a(lib_a-memset.o)
                              /Users/alfredosantiago/gcc-arm-none-eabi-9-2019-q4-major/bin/../lib/gcc/arm-none-eabi/9.2.1/../../../../arm-none-eabi/lib/thumb/v6-m/nofp/crt0.o (memset)
/Users/alfredosantiago/gcc-arm-none-eabi-9-2019-q4-major/bin/../lib/gcc/arm-none-eabi/9.2.1/../../../../arm-none-eabi/lib/thumb/v6-m/nofp/libc.a(lib_a-signal.o)
                              /Users/alfredosantiago/gcc-arm-none-eabi-9-2019-q4-major/bin/../lib/gcc/arm-none-eabi/9.2.1/../../../../arm-none-eabi/lib/thumb/v6-m/nofp/libc.a(lib_a-abort.o) (raise)
/Users/alfredosantiago/gcc-arm-none-eabi-9-2019-q4-major/bin/../lib/gcc/arm-none-eabi/9.2.1/../../../../arm-none-eabi/lib/thumb/v6-m/nofp/libc.a(lib_a-signalr.o)
                              /Users/alfredosantiago/gcc-arm-none-eabi-9-2019-q4-major/bin/../lib/gcc/arm-none-eabi/9.2.1/../../../../arm-none-eabi/lib/thumb/v6-m/nofp/libc.a(lib_a-signal.o) (_kill_r)
/Users/alfredosantiago/gcc-arm-none-eabi-9-2019-q4-major/bin/../lib/gcc/arm-none-eabi/9.2.1/../../../../arm-none-eabi/lib/thumb/v6-m/nofp/libc.a(lib_a-strlen-stub.o)
                              virtualCom.o (strlen)
/Users/alfredosantiago/gcc-arm-none-eabi-9-2019-q4-major/bin/../lib/gcc/arm-none-eabi/9.2.1/../../../../arm-none-eabi/lib/thumb/v6-m/nofp/libc.a(lib_a-vsprintf.o)
                              virtualCom.o (vsprintf)
/Users/alfredosantiago/gcc-arm-none-eabi-9-2019-q4-major/bin/../lib/gcc/arm-none-eabi/9.2.1/../../../../arm-none-eabi/lib/thumb/v6-m/nofp/libc.a(lib_a-__call_atexit.o)
                              /Users/alfredosantiago/gcc-arm-none-eabi-9-2019-q4-major/bin/../lib/gcc/arm-none-eabi/9.2.1/../../../../arm-none-eabi/lib/thumb/v6-m/nofp/libc.a(lib_a-exit.o) (__call_exitprocs)
[...]
Memory Configuration

Name             Origin             Length             Attributes
FLASH            0x0000000008000000 0x0000000000020000 xr
RAM              0x0000000020000000 0x0000000000004000 xrw
*default*        0x0000000000000000 0xffffffffffffffff

Linker script and memory map

LOAD /Users/alfredosantiago/gcc-arm-none-eabi-9-2019-q4-major/bin/../lib/gcc/arm-none-eabi/9.2.1/thumb/v6-m/nofp/crti.o
LOAD /Users/alfredosantiago/gcc-arm-none-eabi-9-2019-q4-major/bin/../lib/gcc/arm-none-eabi/9.2.1/thumb/v6-m/nofp/crtbegin.o
LOAD /Users/alfredosantiago/gcc-arm-none-eabi-9-2019-q4-major/bin/../lib/gcc/arm-none-eabi/9.2.1/../../../../arm-none-eabi/lib/thumb/v6-m/nofp/crt0.o
LOAD main.o
LOAD system_stm32f0xx.o
LOAD stm32f0xx_it.o
LOAD delay.o
LOAD can.o
LOAD virtualCom.o
LOAD /var/folders/z7/r0sl_m4s4cjddj85mgx_0msh0000gn/T//ccDx45zD.o
LOAD /Users/alfredosantiago/gcc-arm-none-eabi-9-2019-q4-major/bin/../lib/gcc/arm-none-eabi/9.2.1/../../../../arm-none-eabi/lib/thumb/v6-m/nofp/libstdc++.a
LOAD /Users/alfredosantiago/gcc-arm-none-eabi-9-2019-q4-major/bin/../lib/gcc/arm-none-eabi/9.2.1/../../../../arm-none-eabi/lib/thumb/v6-m/nofp/libm.a
START GROUP
LOAD /Users/alfredosantiago/gcc-arm-none-eabi-9-2019-q4-major/bin/../lib/gcc/arm-none-eabi/9.2.1/thumb/v6-m/nofp/libgcc.a
LOAD /Users/alfredosantiago/gcc-arm-none-eabi-9-2019-q4-major/bin/../lib/gcc/arm-none-eabi/9.2.1/../../../../arm-none-eabi/lib/thumb/v6-m/nofp/libc.a
END GROUP
START GROUP
LOAD /Users/alfredosantiago/gcc-arm-none-eabi-9-2019-q4-major/bin/../lib/gcc/arm-none-eabi/9.2.1/thumb/v6-m/nofp/libgcc.a
LOAD /Users/alfredosantiago/gcc-arm-none-eabi-9-2019-q4-major/bin/../lib/gcc/arm-none-eabi/9.2.1/../../../../arm-none-eabi/lib/thumb/v6-m/nofp/libc.a
LOAD /Users/alfredosantiago/gcc-arm-none-eabi-9-2019-q4-major/bin/../lib/gcc/arm-none-eabi/9.2.1/../../../../arm-none-eabi/lib/thumb/v6-m/nofp/libnosys.a
END GROUP
LOAD /Users/alfredosantiago/gcc-arm-none-eabi-9-2019-q4-major/bin/../lib/gcc/arm-none-eabi/9.2.1/thumb/v6-m/nofp/crtend.o
LOAD /Users/alfredosantiago/gcc-arm-none-eabi-9-2019-q4-major/bin/../lib/gcc/arm-none-eabi/9.2.1/thumb/v6-m/nofp/crtn.o
                0x0000000020003fff                _estack = 0x20003fff
                0x0000000000000200                _Min_Heap_Size = 0x200
                0x0000000000000400                _Min_Stack_Size = 0x400

.isr_vector     0x0000000008000000       0xc0
                0x0000000008000000                . = ALIGN (0x4)
 *(.isr_vector)
 .isr_vector    0x0000000008000000       0xc0 /var/folders/z7/r0sl_m4s4cjddj85mgx_0msh0000gn/T//ccDx45zD.o
                0x0000000008000000                g_pfnVectors
                0x00000000080000c0                . = ALIGN (0x4)

.text           0x00000000080000c0     0x92e4
                0x00000000080000c0                . = ALIGN (0x4)
 *(.text)
 .text          0x00000000080000c0        0x0 /Users/alfredosantiago/gcc-arm-none-eabi-9-2019-q4-major/bin/../lib/gcc/arm-none-eabi/9.2.1/thumb/v6-m/nofp/crti.o
 .text          0x00000000080000c0       0x48 /Users/alfredosantiago/gcc-arm-none-eabi-9-2019-q4-major/bin/../lib/gcc/arm-none-eabi/9.2.1/thumb/v6-m/nofp/crtbegin.o
 .text          0x0000000008000108       0x78 /Users/alfredosantiago/gcc-arm-none-eabi-9-2019-q4-major/bin/../lib/gcc/arm-none-eabi/9.2.1/../../../../arm-none-eabi/lib/thumb/v6-m/nofp/crt0.o
                0x0000000008000108                _mainCRTStartup
                0x0000000008000108                _start
 .text          0x0000000008000180       0x58 main.o
                0x0000000008000180                main
 .text          0x00000000080001d8      0x284 system_stm32f0xx.o
                0x00000000080001d8                SystemInit
                0x0000000008000264                SystemCoreClockUpdate
 .text          0x000000000800045c       0x32 stm32f0xx_it.o
                0x000000000800045c                NMI_Handler
                0x0000000008000466                HardFault_Handler
                0x000000000800046c                SVC_Handler
                0x0000000008000476                PendSV_Handler
                0x0000000008000480                SysTick_Handler
 *fill*         0x000000000800048e        0x2 
 .text          0x0000000008000490      0x188 delay.o
                0x00000000080005b4                delayInit()
                0x00000000080005d8                delay(unsigned long)
                0x0000000008000600                counterIncrease()
 .text          0x0000000008000618      0x14c can.o
                0x0000000008000618                canInit()
                0x00000000080006d4                canFilterInit()
 .text          0x0000000008000764       0xd4 virtualCom.o
                0x0000000008000764                serialPrintInit()
                0x00000000080007cc                serialPrint(char const*, ...)
 .text          0x0000000008000838       0x14 /var/folders/z7/r0sl_m4s4cjddj85mgx_0msh0000gn/T//ccDx45zD.o
 .text          0x000000000800084c      0x114 /Users/alfredosantiago/gcc-arm-none-eabi-9-2019-q4-major/bin/../lib/gcc/arm-none-eabi/9.2.1/thumb/v6-m/nofp/libgcc.a(_udivsi3.o)
                0x000000000800084c                __udivsi3
                0x000000000800084c                __aeabi_uidiv
                0x0000000008000958                __aeabi_uidivmod
 .text          0x0000000008000960        0x4 /Users/alfredosantiago/gcc-arm-none-eabi-9-2019-q4-major/bin/../lib/gcc/arm-none-eabi/9.2.1/thumb/v6-m/nofp/libgcc.a(_dvmd_tls.o)
                0x0000000008000960                __aeabi_ldiv0
                0x0000000008000960                __aeabi_idiv0
 .text          0x0000000008000964      0xa44 /Users/alfredosantiago/gcc-arm-none-eabi-9-2019-q4-major/bin/../lib/gcc/arm-none-eabi/9.2.1/thumb/v6-m/nofp/libgcc.a(unwind-arm.o)
                0x0000000008000c30                _Unwind_GetCFA
                0x0000000008000c34                __gnu_Unwind_RaiseException
                0x0000000008000c88                __gnu_Unwind_ForcedUnwind
                0x0000000008000c9c                __gnu_Unwind_Resume
                0x0000000008000ce4                __gnu_Unwind_Resume_or_Rethrow
                0x0000000008000d00                _Unwind_Complete
                0x0000000008000d04                _Unwind_DeleteException
                0x0000000008000d14                _Unwind_VRS_Get
                0x0000000008000d60                _Unwind_VRS_Set
                0x0000000008000dac                __gnu_Unwind_Backtrace
                0x0000000008001108                __aeabi_unwind_cpp_pr0
                0x0000000008001114                __aeabi_unwind_cpp_pr1
                0x0000000008001120                __aeabi_unwind_cpp_pr2
                0x000000000800112c                _Unwind_VRS_Pop
 .text          0x00000000080013a8      0x144 /Users/alfredosantiago/gcc-arm-none-eabi-9-2019-q4-major/bin/../lib/gcc/arm-none-eabi/9.2.1/thumb/v6-m/nofp/libgcc.a(libunwind.o)
                0x00000000080013a8                __restore_core_regs
                0x00000000080013a8                restore_core_regs
                0x00000000080013d4                __gnu_Unwind_Restore_VFP
                0x00000000080013d8                __gnu_Unwind_Save_VFP
                0x00000000080013dc                __gnu_Unwind_Restore_VFP_D
                0x00000000080013e0                __gnu_Unwind_Save_VFP_D
                0x00000000080013e4                __gnu_Unwind_Restore_VFP_D_16_to_31
                0x00000000080013e8                __gnu_Unwind_Save_VFP_D_16_to_31
                0x00000000080013ec                __gnu_Unwind_Restore_WMMXD
                0x00000000080013f0                __gnu_Unwind_Save_WMMXD
                0x00000000080013f4                __gnu_Unwind_Restore_WMMXC
                0x00000000080013f8                __gnu_Unwind_Save_WMMXC
                0x00000000080013fc                _Unwind_RaiseException
                0x00000000080013fc                ___Unwind_RaiseException
                0x000000000800142c                ___Unwind_Resume
                0x000000000800142c                _Unwind_Resume
                0x000000000800145c                ___Unwind_Resume_or_Rethrow
                0x000000000800145c                _Unwind_Resume_or_Rethrow
                0x000000000800148c                _Unwind_ForcedUnwind
                0x000000000800148c                ___Unwind_ForcedUnwind
                0x00000000080014bc                _Unwind_Backtrace
                0x00000000080014bc                ___Unwind_Backtrace
 .text          0x00000000080014ec      0x390 /Users/alfredosantiago/gcc-arm-none-eabi-9-2019-q4-major/bin/../lib/gcc/arm-none-eabi/9.2.1/thumb/v6-m/nofp/libgcc.a(pr-support.o)
                0x0000000008001540                __gnu_unwind_execute
                0x0000000008001830                __gnu_unwind_frame
                0x000000000800185c                _Unwind_GetRegionStart
                0x0000000008001868                _Unwind_GetLanguageSpecificData
 .text          0x000000000800187c        0x0 /Users/alfredosantiago/gcc-arm-none-eabi-9-2019-q4-major/bin/../lib/gcc/arm-none-eabi/9.2.1/../../../../arm-none-eabi/lib/thumb/v6-m/nofp/libc.a(lib_a-abort.o)
 .text          0x000000000800187c        0x0 /Users/alfredosantiago/gcc-arm-none-eabi-9-2019-q4-major/bin/../lib/gcc/arm-none-eabi/9.2.1/../../../../arm-none-eabi/lib/thumb/v6-m/nofp/libc.a(lib_a-exit.o)
 .text          0x000000000800187c        0x0 /Users/alfredosantiago/gcc-arm-none-eabi-9-2019-q4-major/bin/../lib/gcc/arm-none-eabi/9.2.1/../../../../arm-none-eabi/lib/thumb/v6-m/nofp/libc.a(lib_a-impure.o)
 .text          0x000000000800187c        0x0 /Users/alfredosantiago/gcc-arm-none-eabi-9-2019-q4-major/bin/../lib/gcc/arm-none-eabi/9.2.1/../../../../arm-none-eabi/lib/thumb/v6-m/nofp/libc.a(lib_a-init.o)
 .text          0x000000000800187c        0x0 /Users/alfredosantiago/gcc-arm-none-eabi-9-2019-q4-major/bin/../lib/gcc/arm-none-eabi/9.2.1/../../../../arm-none-eabi/lib/thumb/v6-m/nofp/libc.a(lib_a-memcpy-stub.o)
 .text          0x000000000800187c        0x0 /Users/alfredosantiago/gcc-arm-none-eabi-9-2019-q4-major/bin/../lib/gcc/arm-none-eabi/9.2.1/../../../../arm-none-eabi/lib/thumb/v6-m/nofp/libc.a(lib_a-memset.o)
 .text          0x000000000800187c        0x0 /Users/alfredosantiago/gcc-arm-none-eabi-9-2019-q4-major/bin/../lib/gcc/arm-none-eabi/9.2.1/../../../../arm-none-eabi/lib/thumb/v6-m/nofp/libc.a(lib_a-signal.o)
 .text          0x000000000800187c        0x0 /Users/alfredosantiago/gcc-arm-none-eabi-9-2019-q4-major/bin/../lib/gcc/arm-none-eabi/9.2.1/../../../../arm-none-eabi/lib/thumb/v6-m/nofp/libc.a(lib_a-signalr.o)
 .text          0x000000000800187c        0x0 /Users/alfredosantiago/gcc-arm-none-eabi-9-2019-q4-major/bin/../lib/gcc/arm-none-eabi/9.2.1/../../../../arm-none-eabi/lib/thumb/v6-m/nofp/libc.a(lib_a-strlen-stub.o)
 .text          0x000000000800187c        0x0 /Users/alfredosantiago/gcc-arm-none-eabi-9-2019-q4-major/bin/../lib/gcc/arm-none-eabi/9.2.1/../../../../arm-none-eabi/lib/thumb/v6-m/nofp/libc.a(lib_a-vsprintf.o)
 .text          0x000000000800187c        0x0 /Users/alfredosantiago/gcc-arm-none-eabi-9-2019-q4-major/bin/../lib/gcc/arm-none-eabi/9.2.1/../../../../arm-none-eabi/lib/thumb/v6-m/nofp/libc.a(lib_a-__call_atexit.o)
 .text          0x000000000800187c        0x0 /Users/alfredosantiago/gcc-arm-none-eabi-9-2019-q4-major/bin/../lib/gcc/arm-none-eabi/9.2.1/../../../../arm-none-eabi/lib/thumb/v6-m/nofp/libc.a(lib_a-atexit.o)
 .text          0x000000000800187c        0x0 /Users/alfredosantiago/gcc-arm-none-eabi-9-2019-q4-major/bin/../lib/gcc/arm-none-eabi/9.2.1/../../../../arm-none-eabi/lib/thumb/v6-m/nofp/libc.a(lib_a-fini.o)
 .text          0x000000000800187c        0x0 /Users/alfredosantiago/gcc-arm-none-eabi-9-2019-q4-major/bin/../lib/gcc/arm-none-eabi/9.2.1/../../../../arm-none-eabi/lib/thumb/v6-m/nofp/libc.a(lib_a-lock.o)
 .text          0x000000000800187c        0x0 /Users/alfredosantiago/gcc-arm-none-eabi-9-2019-q4-major/bin/../lib/gcc/arm-none-eabi/9.2.1/../../../../arm-none-eabi/lib/thumb/v6-m/nofp/libc.a(lib_a-mallocr.o)
 .text          0x000000000800187c        0x0 /Users/alfredosantiago/gcc-arm-none-eabi-9-2019-q4-major/bin/../lib/gcc/arm-none-eabi/9.2.1/../../../../arm-none-eabi/lib/thumb/v6-m/nofp/libc.a(lib_a-mlock.o)
 .text          0x000000000800187c        0x0 /Users/alfredosantiago/gcc-arm-none-eabi-9-2019-q4-major/bin/../lib/gcc/arm-none-eabi/9.2.1/../../../../arm-none-eabi/lib/thumb/v6-m/nofp/libc.a(lib_a-reent.o)
 .text          0x000000000800187c        0x0 /Users/alfredosantiago/gcc-arm-none-eabi-9-2019-q4-major/bin/../lib/gcc/arm-none-eabi/9.2.1/../../../../arm-none-eabi/lib/thumb/v6-m/nofp/libc.a(lib_a-sbrkr.o)
 .text          0x000000000800187c        0x0 /Users/alfredosantiago/gcc-arm-none-eabi-9-2019-q4-major/bin/../lib/gcc/arm-none-eabi/9.2.1/../../../../arm-none-eabi/lib/thumb/v6-m/nofp/libc.a(lib_a-svfprintf.o)
 .text          0x000000000800187c        0x0 /Users/alfredosantiago/gcc-arm-none-eabi-9-2019-q4-major/bin/../lib/gcc/arm-none-eabi/9.2.1/../../../../arm-none-eabi/lib/thumb/v6-m/nofp/libc.a(lib_a-__atexit.o)
 .text          0x000000000800187c        0x0 /Users/alfredosantiago/gcc-arm-none-eabi-9-2019-q4-major/bin/../lib/gcc/arm-none-eabi/9.2.1/../../../../arm-none-eabi/lib/thumb/v6-m/nofp/libc.a(lib_a-dtoa.o)
 .text          0x000000000800187c        0x0 /Users/alfredosantiago/gcc-arm-none-eabi-9-2019-q4-major/bin/../lib/gcc/arm-none-eabi/9.2.1/../../../../arm-none-eabi/lib/thumb/v6-m/nofp/libc.a(lib_a-freer.o)
 .text          0x000000000800187c        0x0 /Users/alfredosantiago/gcc-arm-none-eabi-9-2019-q4-major/bin/../lib/gcc/arm-none-eabi/9.2.1/../../../../arm-none-eabi/lib/thumb/v6-m/nofp/libc.a(lib_a-localeconv.o)
 .text          0x000000000800187c        0x0 /Users/alfredosantiago/gcc-arm-none-eabi-9-2019-q4-major/bin/../lib/gcc/arm-none-eabi/9.2.1/../../../../arm-none-eabi/lib/thumb/v6-m/nofp/libc.a(lib_a-memchr-stub.o)
 .text          0x000000000800187c        0x0 /Users/alfredosantiago/gcc-arm-none-eabi-9-2019-q4-major/bin/../lib/gcc/arm-none-eabi/9.2.1/../../../../arm-none-eabi/lib/thumb/v6-m/nofp/libc.a(lib_a-mprec.o)
 .text          0x000000000800187c        0x0 /Users/alfredosantiago/gcc-arm-none-eabi-9-2019-q4-major/bin/../lib/gcc/arm-none-eabi/9.2.1/../../../../arm-none-eabi/lib/thumb/v6-m/nofp/libc.a(lib_a-s_frexp.o)
 .text          0x000000000800187c        0x0 /Users/alfredosantiago/gcc-arm-none-eabi-9-2019-q4-major/bin/../lib/gcc/arm-none-eabi/9.2.1/../../../../arm-none-eabi/lib/thumb/v6-m/nofp/libc.a(lib_a-strncpy.o)
 .text          0x000000000800187c        0x0 /Users/alfredosantiago/gcc-arm-none-eabi-9-2019-q4-major/bin/../lib/gcc/arm-none-eabi/9.2.1/../../../../arm-none-eabi/lib/thumb/v6-m/nofp/libc.a(lib_a-svfiprintf.o)
 .text          0x000000000800187c        0x0 /Users/alfredosantiago/gcc-arm-none-eabi-9-2019-q4-major/bin/../lib/gcc/arm-none-eabi/9.2.1/../../../../arm-none-eabi/lib/thumb/v6-m/nofp/libc.a(lib_a-callocr.o)
 .text          0x000000000800187c        0x0 /Users/alfredosantiago/gcc-arm-none-eabi-9-2019-q4-major/bin/../lib/gcc/arm-none-eabi/9.2.1/../../../../arm-none-eabi/lib/thumb/v6-m/nofp/libc.a(lib_a-locale.o)
 .text          0x000000000800187c        0x0 /Users/alfredosantiago/gcc-arm-none-eabi-9-2019-q4-major/bin/../lib/gcc/arm-none-eabi/9.2.1/../../../../arm-none-eabi/lib/thumb/v6-m/nofp/libc.a(lib_a-mbtowc_r.o)
 .text          0x000000000800187c        0x0 /Users/alfredosantiago/gcc-arm-none-eabi-9-2019-q4-major/bin/../lib/gcc/arm-none-eabi/9.2.1/../../../../arm-none-eabi/lib/thumb/v6-m/nofp/libc.a(lib_a-memmove.o)
 .text          0x000000000800187c        0x0 /Users/alfredosantiago/gcc-arm-none-eabi-9-2019-q4-major/bin/../lib/gcc/arm-none-eabi/9.2.1/../../../../arm-none-eabi/lib/thumb/v6-m/nofp/libc.a(lib_a-reallocr.o)
 .text          0x000000000800187c       0x88 /Users/alfredosantiago/gcc-arm-none-eabi-9-2019-q4-major/bin/../lib/gcc/arm-none-eabi/9.2.1/../../../../arm-none-eabi/lib/thumb/v6-m/nofp/libc.a(lib_a-strcmp.o)
                0x000000000800187c                strcmp
 .text          0x0000000008001904        0x0 /Users/alfredosantiago/gcc-arm-none-eabi-9-2019-q4-major/bin/../lib/gcc/arm-none-eabi/9.2.1/../../../../arm-none-eabi/lib/thumb/v6-m/nofp/libc.a(lib_a-wctomb_r.o)
 .text          0x0000000008001904        0x0 /Users/alfredosantiago/gcc-arm-none-eabi-9-2019-q4-major/bin/../lib/gcc/arm-none-eabi/9.2.1/../../../../arm-none-eabi/lib/thumb/v6-m/nofp/libc.a(lib_a-ctype_.o)
 .text          0x0000000008001904      0x1d4 /Users/alfredosantiago/gcc-arm-none-eabi-9-2019-q4-major/bin/../lib/gcc/arm-none-eabi/9.2.1/thumb/v6-m/nofp/libgcc.a(_divsi3.o)
                0x0000000008001904                __aeabi_idiv
                0x0000000008001904                __divsi3
                0x0000000008001ad0                __aeabi_idivmod
 .text          0x0000000008001ad8       0x7c /Users/alfredosantiago/gcc-arm-none-eabi-9-2019-q4-major/bin/../lib/gcc/arm-none-eabi/9.2.1/thumb/v6-m/nofp/libgcc.a(_arm_cmpdf2.o)
                0x0000000008001ad8                __aeabi_cdrcmple
                0x0000000008001ae8                __aeabi_cdcmple
                0x0000000008001ae8                __aeabi_cdcmpeq
                0x0000000008001af8                __aeabi_dcmpeq
                0x0000000008001b04                __aeabi_dcmplt
                0x0000000008001b18                __aeabi_dcmple
                0x0000000008001b2c                __aeabi_dcmpgt
                0x0000000008001b40                __aeabi_dcmpge
 .text          0x0000000008001b54       0x40 /Users/alfredosantiago/gcc-arm-none-eabi-9-2019-q4-major/bin/../lib/gcc/arm-none-eabi/9.2.1/thumb/v6-m/nofp/libgcc.a(_aeabi_uldivmod.o)
                0x0000000008001b54                __aeabi_uldivmod
 .text          0x0000000008001b94      0x198 /Users/alfredosantiago/gcc-arm-none-eabi-9-2019-q4-major/bin/../lib/gcc/arm-none-eabi/9.2.1/thumb/v6-m/nofp/libgcc.a(_udivmoddi4.o)
                0x0000000008001b94                __udivmoddi4
 .text          0x0000000008001d2c      0x6d4 /Users/alfredosantiago/gcc-arm-none-eabi-9-2019-q4-major/bin/../lib/gcc/arm-none-eabi/9.2.1/thumb/v6-m/nofp/libgcc.a(adddf3.o)
                0x0000000008001d2c                __aeabi_dadd
 .text          0x0000000008002400      0x5d0 /Users/alfredosantiago/gcc-arm-none-eabi-9-2019-q4-major/bin/../lib/gcc/arm-none-eabi/9.2.1/thumb/v6-m/nofp/libgcc.a(divdf3.o)
                0x0000000008002400                __aeabi_ddiv
 .text          0x00000000080029d0       0x78 /Users/alfredosantiago/gcc-arm-none-eabi-9-2019-q4-major/bin/../lib/gcc/arm-none-eabi/9.2.1/thumb/v6-m/nofp/libgcc.a(eqdf2.o)
                0x00000000080029d0                __eqdf2
                0x00000000080029d0                __nedf2
 .text          0x0000000008002a48       0xe4 /Users/alfredosantiago/gcc-arm-none-eabi-9-2019-q4-major/bin/../lib/gcc/arm-none-eabi/9.2.1/thumb/v6-m/nofp/libgcc.a(gedf2.o)
                0x0000000008002a48                __gtdf2
                0x0000000008002a48                __gedf2
 .text          0x0000000008002b2c       0xe0 /Users/alfredosantiago/gcc-arm-none-eabi-9-2019-q4-major/bin/../lib/gcc/arm-none-eabi/9.2.1/thumb/v6-m/nofp/libgcc.a(ledf2.o)
                0x0000000008002b2c                __ltdf2
                0x0000000008002b2c                __ledf2
 .text          0x0000000008002c0c      0x4d8 /Users/alfredosantiago/gcc-arm-none-eabi-9-2019-q4-major/bin/../lib/gcc/arm-none-eabi/9.2.1/thumb/v6-m/nofp/libgcc.a(muldf3.o)
                0x0000000008002c0c                __aeabi_dmul
 .text          0x00000000080030e4      0x724 /Users/alfredosantiago/gcc-arm-none-eabi-9-2019-q4-major/bin/../lib/gcc/arm-none-eabi/9.2.1/thumb/v6-m/nofp/libgcc.a(subdf3.o)
                0x00000000080030e4                __aeabi_dsub
 .text          0x0000000008003808       0x3c /Users/alfredosantiago/gcc-arm-none-eabi-9-2019-q4-major/bin/../lib/gcc/arm-none-eabi/9.2.1/thumb/v6-m/nofp/libgcc.a(unorddf2.o)
                0x0000000008003808                __aeabi_dcmpun
 .text          0x0000000008003844       0x6c /Users/alfredosantiago/gcc-arm-none-eabi-9-2019-q4-major/bin/../lib/gcc/arm-none-eabi/9.2.1/thumb/v6-m/nofp/libgcc.a(fixdfsi.o)
                0x0000000008003844                __aeabi_d2iz
 .text          0x00000000080038b0       0x60 /Users/alfredosantiago/gcc-arm-none-eabi-9-2019-q4-major/bin/../lib/gcc/arm-none-eabi/9.2.1/thumb/v6-m/nofp/libgcc.a(floatsidf.o)
                0x00000000080038b0                __aeabi_i2d
 .text          0x0000000008003910       0x4c /Users/alfredosantiago/gcc-arm-none-eabi-9-2019-q4-major/bin/../lib/gcc/arm-none-eabi/9.2.1/thumb/v6-m/nofp/libgcc.a(floatunsidf.o)
                0x0000000008003910                __aeabi_ui2d
 .text          0x000000000800395c       0x3c /Users/alfredosantiago/gcc-arm-none-eabi-9-2019-q4-major/bin/../lib/gcc/arm-none-eabi/9.2.1/thumb/v6-m/nofp/libgcc.a(_clzsi2.o)
                0x000000000800395c                __clzsi2
 .text          0x0000000008003998       0x18 /Users/alfredosantiago/gcc-arm-none-eabi-9-2019-q4-major/bin/../lib/gcc/arm-none-eabi/9.2.1/thumb/v6-m/nofp/libgcc.a(_clzdi2.o)
                0x0000000008003998                __clzdi2
 .text          0x00000000080039b0        0x0 /Users/alfredosantiago/gcc-arm-none-eabi-9-2019-q4-major/bin/../lib/gcc/arm-none-eabi/9.2.1/../../../../arm-none-eabi/lib/thumb/v6-m/nofp/libnosys.a(getpid.o)
 .text          0x00000000080039b0        0x0 /Users/alfredosantiago/gcc-arm-none-eabi-9-2019-q4-major/bin/../lib/gcc/arm-none-eabi/9.2.1/../../../../arm-none-eabi/lib/thumb/v6-m/nofp/libnosys.a(kill.o)
 .text          0x00000000080039b0        0x0 /Users/alfredosantiago/gcc-arm-none-eabi-9-2019-q4-major/bin/../lib/gcc/arm-none-eabi/9.2.1/../../../../arm-none-eabi/lib/thumb/v6-m/nofp/libnosys.a(sbrk.o)
 .text          0x00000000080039b0        0x0 /Users/alfredosantiago/gcc-arm-none-eabi-9-2019-q4-major/bin/../lib/gcc/arm-none-eabi/9.2.1/../../../../arm-none-eabi/lib/thumb/v6-m/nofp/libnosys.a(_exit.o)
 .text          0x00000000080039b0        0x0 /Users/alfredosantiago/gcc-arm-none-eabi-9-2019-q4-major/bin/../lib/gcc/arm-none-eabi/9.2.1/thumb/v6-m/nofp/crtend.o
 .text          0x00000000080039b0        0x0 /Users/alfredosantiago/gcc-arm-none-eabi-9-2019-q4-major/bin/../lib/gcc/arm-none-eabi/9.2.1/thumb/v6-m/nofp/crtn.o
 *(.text*)
 .text.Reset_Handler
                0x00000000080039b0       0x80 /var/folders/z7/r0sl_m4s4cjddj85mgx_0msh0000gn/T//ccDx45zD.o
                0x00000000080039b0                Reset_Handler
 .text.Default_Handler
                0x0000000008003a30        0x2 /var/folders/z7/r0sl_m4s4cjddj85mgx_0msh0000gn/T//ccDx45zD.o
                0x0000000008003a30                TIM1_BRK_UP_TRG_COM_IRQHandler
                0x0000000008003a30                TSC_IRQHandler
                0x0000000008003a30                ADC1_COMP_IRQHandler
                0x0000000008003a30                I2C1_IRQHandler
                0x0000000008003a30                RCC_CRS_IRQHandler
                0x0000000008003a30                SPI1_IRQHandler
                0x0000000008003a30                TIM6_DAC_IRQHandler
                0x0000000008003a30                USART3_4_IRQHandler
                0x0000000008003a30                EXTI2_3_IRQHandler
                0x0000000008003a30                I2C2_IRQHandler
                0x0000000008003a30                TIM17_IRQHandler
                0x0000000008003a30                CEC_CAN_IRQHandler
                0x0000000008003a30                RTC_IRQHandler
                0x0000000008003a30                PVD_VDDIO2_IRQHandler
                0x0000000008003a30                DMA1_Channel4_5_6_7_IRQHandler
                0x0000000008003a30                TIM16_IRQHandler
                0x0000000008003a30                TIM3_IRQHandler
                0x0000000008003a30                EXTI4_15_IRQHandler
                0x0000000008003a30                DMA1_Channel1_IRQHandler
                0x0000000008003a30                Default_Handler
                0x0000000008003a30                TIM14_IRQHandler
                0x0000000008003a30                TIM7_IRQHandler
                0x0000000008003a30                TIM15_IRQHandler
                0x0000000008003a30                EXTI0_1_IRQHandler
                0x0000000008003a30                USB_IRQHandler
                0x0000000008003a30                SPI2_IRQHandler
                0x0000000008003a30                WWDG_IRQHandler
                0x0000000008003a30                TIM2_IRQHandler
                0x0000000008003a30                DMA1_Channel2_3_IRQHandler
                0x0000000008003a30                USART2_IRQHandler
                0x0000000008003a30                FLASH_IRQHandler
                0x0000000008003a30                USART1_IRQHandler
                0x0000000008003a30                TIM1_CC_IRQHandler
 .text.unlikely
                0x0000000008003a32        0xc /Users/alfredosantiago/gcc-arm-none-eabi-9-2019-q4-major/bin/../lib/gcc/arm-none-eabi/9.2.1/thumb/v6-m/nofp/libgcc.a(pr-support.o)
                0x0000000008003a32                _Unwind_GetDataRelBase
                0x0000000008003a38                _Unwind_GetTextRelBase
 *fill*         0x0000000008003a3e        0x2 
 .text.abort    0x0000000008003a40       0x10 /Users/alfredosantiago/gcc-arm-none-eabi-9-2019-q4-major/bin/../lib/gcc/arm-none-eabi/9.2.1/../../../../arm-none-eabi/lib/thumb/v6-m/nofp/libc.a(lib_a-abort.o)
                0x0000000008003a40                abort
 .text.exit     0x0000000008003a50       0x20 /Users/alfredosantiago/gcc-arm-none-eabi-9-2019-q4-major/bin/../lib/gcc/arm-none-eabi/9.2.1/../../../../arm-none-eabi/lib/thumb/v6-m/nofp/libc.a(lib_a-exit.o)
                0x0000000008003a50                exit
 .text.__libc_init_array
                0x0000000008003a70       0x44 /Users/alfredosantiago/gcc-arm-none-eabi-9-2019-q4-major/bin/../lib/gcc/arm-none-eabi/9.2.1/../../../../arm-none-eabi/lib/thumb/v6-m/nofp/libc.a(lib_a-init.o)
                0x0000000008003a70                __libc_init_array
 .text.memcpy   0x0000000008003ab4       0xa4 /Users/alfredosantiago/gcc-arm-none-eabi-9-2019-q4-major/bin/../lib/gcc/arm-none-eabi/9.2.1/../../../../arm-none-eabi/lib/thumb/v6-m/nofp/libc.a(lib_a-memcpy-stub.o)
                0x0000000008003ab4                memcpy
 .text.memset   0x0000000008003b58       0xa8 /Users/alfredosantiago/gcc-arm-none-eabi-9-2019-q4-major/bin/../lib/gcc/arm-none-eabi/9.2.1/../../../../arm-none-eabi/lib/thumb/v6-m/nofp/libc.a(lib_a-memset.o)
                0x0000000008003b58                memset
 .text._init_signal_r.part.0
                0x0000000008003c00       0x2c /Users/alfredosantiago/gcc-arm-none-eabi-9-2019-q4-major/bin/../lib/gcc/arm-none-eabi/9.2.1/../../../../arm-none-eabi/lib/thumb/v6-m/nofp/libc.a(lib_a-signal.o)
 .text._init_signal_r
                0x0000000008003c2c       0x1c /Users/alfredosantiago/gcc-arm-none-eabi-9-2019-q4-major/bin/../lib/gcc/arm-none-eabi/9.2.1/../../../../arm-none-eabi/lib/thumb/v6-m/nofp/libc.a(lib_a-signal.o)
                0x0000000008003c2c                _init_signal_r
 .text._signal_r
                0x0000000008003c48       0x3c /Users/alfredosantiago/gcc-arm-none-eabi-9-2019-q4-major/bin/../lib/gcc/arm-none-eabi/9.2.1/../../../../arm-none-eabi/lib/thumb/v6-m/nofp/libc.a(lib_a-signal.o)
                0x0000000008003c48                _signal_r
 .text._raise_r
                0x0000000008003c84       0x5c /Users/alfredosantiago/gcc-arm-none-eabi-9-2019-q4-major/bin/../lib/gcc/arm-none-eabi/9.2.1/../../../../arm-none-eabi/lib/thumb/v6-m/nofp/libc.a(lib_a-signal.o)
                0x0000000008003c84                _raise_r
 .text.__sigtramp_r
                0x0000000008003ce0       0x50 /Users/alfredosantiago/gcc-arm-none-eabi-9-2019-q4-major/bin/../lib/gcc/arm-none-eabi/9.2.1/../../../../arm-none-eabi/lib/thumb/v6-m/nofp/libc.a(lib_a-signal.o)
                0x0000000008003ce0                __sigtramp_r
 .text.raise    0x0000000008003d30       0x14 /Users/alfredosantiago/gcc-arm-none-eabi-9-2019-q4-major/bin/../lib/gcc/arm-none-eabi/9.2.1/../../../../arm-none-eabi/lib/thumb/v6-m/nofp/libc.a(lib_a-signal.o)
                0x0000000008003d30                raise
 .text.signal   0x0000000008003d44       0x18 /Users/alfredosantiago/gcc-arm-none-eabi-9-2019-q4-major/bin/../lib/gcc/arm-none-eabi/9.2.1/../../../../arm-none-eabi/lib/thumb/v6-m/nofp/libc.a(lib_a-signal.o)
                0x0000000008003d44                signal
 .text._init_signal
                0x0000000008003d5c       0x20 /Users/alfredosantiago/gcc-arm-none-eabi-9-2019-q4-major/bin/../lib/gcc/arm-none-eabi/9.2.1/../../../../arm-none-eabi/lib/thumb/v6-m/nofp/libc.a(lib_a-signal.o)
                0x0000000008003d5c                _init_signal
 .text.__sigtramp
                0x0000000008003d7c       0x14 /Users/alfredosantiago/gcc-arm-none-eabi-9-2019-q4-major/bin/../lib/gcc/arm-none-eabi/9.2.1/../../../../arm-none-eabi/lib/thumb/v6-m/nofp/libc.a(lib_a-signal.o)
                0x0000000008003d7c                __sigtramp
 .text._kill_r  0x0000000008003d90       0x28 /Users/alfredosantiago/gcc-arm-none-eabi-9-2019-q4-major/bin/../lib/gcc/arm-none-eabi/9.2.1/../../../../arm-none-eabi/lib/thumb/v6-m/nofp/libc.a(lib_a-signalr.o)
                0x0000000008003d90                _kill_r
 .text._getpid_r
                0x0000000008003db8        0x8 /Users/alfredosantiago/gcc-arm-none-eabi-9-2019-q4-major/bin/../lib/gcc/arm-none-eabi/9.2.1/../../../../arm-none-eabi/lib/thumb/v6-m/nofp/libc.a(lib_a-signalr.o)
                0x0000000008003db8                _getpid_r
 .text.strlen   0x0000000008003dc0       0x5c /Users/alfredosantiago/gcc-arm-none-eabi-9-2019-q4-major/bin/../lib/gcc/arm-none-eabi/9.2.1/../../../../arm-none-eabi/lib/thumb/v6-m/nofp/libc.a(lib_a-strlen-stub.o)
                0x0000000008003dc0                strlen
 .text._vsprintf_r
                0x0000000008003e1c       0x2c /Users/alfredosantiago/gcc-arm-none-eabi-9-2019-q4-major/bin/../lib/gcc/arm-none-eabi/9.2.1/../../../../arm-none-eabi/lib/thumb/v6-m/nofp/libc.a(lib_a-vsprintf.o)
                0x0000000008003e1c                _vsprintf_r
 .text.vsprintf
                0x0000000008003e48       0x18 /Users/alfredosantiago/gcc-arm-none-eabi-9-2019-q4-major/bin/../lib/gcc/arm-none-eabi/9.2.1/../../../../arm-none-eabi/lib/thumb/v6-m/nofp/libc.a(lib_a-vsprintf.o)
                0x0000000008003e48                vsprintf
 .text.startup.register_fini
                0x0000000008003e60       0x18 /Users/alfredosantiago/gcc-arm-none-eabi-9-2019-q4-major/bin/../lib/gcc/arm-none-eabi/9.2.1/../../../../arm-none-eabi/lib/thumb/v6-m/nofp/libc.a(lib_a-__call_atexit.o)
 .text.__call_exitprocs
                0x0000000008003e78       0xe4 /Users/alfredosantiago/gcc-arm-none-eabi-9-2019-q4-major/bin/../lib/gcc/arm-none-eabi/9.2.1/../../../../arm-none-eabi/lib/thumb/v6-m/nofp/libc.a(lib_a-__call_atexit.o)
                0x0000000008003e78                __call_exitprocs
 .text.atexit   0x0000000008003f5c       0x10 /Users/alfredosantiago/gcc-arm-none-eabi-9-2019-q4-major/bin/../lib/gcc/arm-none-eabi/9.2.1/../../../../arm-none-eabi/lib/thumb/v6-m/nofp/libc.a(lib_a-atexit.o)
                0x0000000008003f5c                atexit
 .text.__libc_fini_array
                0x0000000008003f6c       0x28 /Users/alfredosantiago/gcc-arm-none-eabi-9-2019-q4-major/bin/../lib/gcc/arm-none-eabi/9.2.1/../../../../arm-none-eabi/lib/thumb/v6-m/nofp/libc.a(lib_a-fini.o)
                0x0000000008003f6c                __libc_fini_array
 .text.__retarget_lock_init
                0x0000000008003f94        0x4 /Users/alfredosantiago/gcc-arm-none-eabi-9-2019-q4-major/bin/../lib/gcc/arm-none-eabi/9.2.1/../../../../arm-none-eabi/lib/thumb/v6-m/nofp/libc.a(lib_a-lock.o)
                0x0000000008003f94                __retarget_lock_init
 .text.__retarget_lock_init_recursive
                0x0000000008003f98        0x4 /Users/alfredosantiago/gcc-arm-none-eabi-9-2019-q4-major/bin/../lib/gcc/arm-none-eabi/9.2.1/../../../../arm-none-eabi/lib/thumb/v6-m/nofp/libc.a(lib_a-lock.o)
                0x0000000008003f98                __retarget_lock_init_recursive
 .text.__retarget_lock_close
                0x0000000008003f9c        0x4 /Users/alfredosantiago/gcc-arm-none-eabi-9-2019-q4-major/bin/../lib/gcc/arm-none-eabi/9.2.1/../../../../arm-none-eabi/lib/thumb/v6-m/nofp/libc.a(lib_a-lock.o)
                0x0000000008003f9c                __retarget_lock_close
 .text.__retarget_lock_close_recursive
                0x0000000008003fa0        0x4 /Users/alfredosantiago/gcc-arm-none-eabi-9-2019-q4-major/bin/../lib/gcc/arm-none-eabi/9.2.1/../../../../arm-none-eabi/lib/thumb/v6-m/nofp/libc.a(lib_a-lock.o)
                0x0000000008003fa0                __retarget_lock_close_recursive
 .text.__retarget_lock_acquire
                0x0000000008003fa4        0x4 /Users/alfredosantiago/gcc-arm-none-eabi-9-2019-q4-major/bin/../lib/gcc/arm-none-eabi/9.2.1/../../../../arm-none-eabi/lib/thumb/v6-m/nofp/libc.a(lib_a-lock.o)
                0x0000000008003fa4                __retarget_lock_acquire
 .text.__retarget_lock_acquire_recursive
                0x0000000008003fa8        0x4 /Users/alfredosantiago/gcc-arm-none-eabi-9-2019-q4-major/bin/../lib/gcc/arm-none-eabi/9.2.1/../../../../arm-none-eabi/lib/thumb/v6-m/nofp/libc.a(lib_a-lock.o)
                0x0000000008003fa8                __retarget_lock_acquire_recursive
 .text.__retarget_lock_try_acquire
                0x0000000008003fac        0x4 /Users/alfredosantiago/gcc-arm-none-eabi-9-2019-q4-major/bin/../lib/gcc/arm-none-eabi/9.2.1/../../../../arm-none-eabi/lib/thumb/v6-m/nofp/libc.a(lib_a-lock.o)
                0x0000000008003fac                __retarget_lock_try_acquire
 .text.__retarget_lock_try_acquire_recursive
                0x0000000008003fb0        0x4 /Users/alfredosantiago/gcc-arm-none-eabi-9-2019-q4-major/bin/../lib/gcc/arm-none-eabi/9.2.1/../../../../arm-none-eabi/lib/thumb/v6-m/nofp/libc.a(lib_a-lock.o)
                0x0000000008003fb0                __retarget_lock_try_acquire_recursive
 .text.__retarget_lock_release
                0x0000000008003fb4        0x4 /Users/alfredosantiago/gcc-arm-none-eabi-9-2019-q4-major/bin/../lib/gcc/arm-none-eabi/9.2.1/../../../../arm-none-eabi/lib/thumb/v6-m/nofp/libc.a(lib_a-lock.o)
                0x0000000008003fb4                __retarget_lock_release
 .text.__retarget_lock_release_recursive
                0x0000000008003fb8        0x4 /Users/alfredosantiago/gcc-arm-none-eabi-9-2019-q4-major/bin/../lib/gcc/arm-none-eabi/9.2.1/../../../../arm-none-eabi/lib/thumb/v6-m/nofp/libc.a(lib_a-lock.o)
                0x0000000008003fb8                __retarget_lock_release_recursive
 .text._malloc_r
                0x0000000008003fbc      0x580 /Users/alfredosantiago/gcc-arm-none-eabi-9-2019-q4-major/bin/../lib/gcc/arm-none-eabi/9.2.1/../../../../arm-none-eabi/lib/thumb/v6-m/nofp/libc.a(lib_a-mallocr.o)
                0x0000000008003fbc                _malloc_r
 .text.__malloc_lock
                0x000000000800453c       0x10 /Users/alfredosantiago/gcc-arm-none-eabi-9-2019-q4-major/bin/../lib/gcc/arm-none-eabi/9.2.1/../../../../arm-none-eabi/lib/thumb/v6-m/nofp/libc.a(lib_a-mlock.o)
                0x000000000800453c                __malloc_lock
 .text.__malloc_unlock
                0x000000000800454c       0x10 /Users/alfredosantiago/gcc-arm-none-eabi-9-2019-q4-major/bin/../lib/gcc/arm-none-eabi/9.2.1/../../../../arm-none-eabi/lib/thumb/v6-m/nofp/libc.a(lib_a-mlock.o)
                0x000000000800454c                __malloc_unlock
 .text.cleanup_glue
                0x000000000800455c       0x1c /Users/alfredosantiago/gcc-arm-none-eabi-9-2019-q4-major/bin/../lib/gcc/arm-none-eabi/9.2.1/../../../../arm-none-eabi/lib/thumb/v6-m/nofp/libc.a(lib_a-reent.o)
                0x000000000800455c                cleanup_glue
 .text._reclaim_reent
                0x0000000008004578       0x94 /Users/alfredosantiago/gcc-arm-none-eabi-9-2019-q4-major/bin/../lib/gcc/arm-none-eabi/9.2.1/../../../../arm-none-eabi/lib/thumb/v6-m/nofp/libc.a(lib_a-reent.o)
                0x0000000008004578                _reclaim_reent
 .text._sbrk_r  0x000000000800460c       0x24 /Users/alfredosantiago/gcc-arm-none-eabi-9-2019-q4-major/bin/../lib/gcc/arm-none-eabi/9.2.1/../../../../arm-none-eabi/lib/thumb/v6-m/nofp/libc.a(lib_a-sbrkr.o)
                0x000000000800460c                _sbrk_r
 .text._svfprintf_r
                0x0000000008004630     0x1c08 /Users/alfredosantiago/gcc-arm-none-eabi-9-2019-q4-major/bin/../lib/gcc/arm-none-eabi/9.2.1/../../../../arm-none-eabi/lib/thumb/v6-m/nofp/libc.a(lib_a-svfprintf.o)
                0x0000000008004630                _svfprintf_r
 .text.__register_exitproc
                0x0000000008006238       0xac /Users/alfredosantiago/gcc-arm-none-eabi-9-2019-q4-major/bin/../lib/gcc/arm-none-eabi/9.2.1/../../../../arm-none-eabi/lib/thumb/v6-m/nofp/libc.a(lib_a-__atexit.o)
                0x0000000008006238                __register_exitproc
 .text.quorem   0x00000000080062e4      0x148 /Users/alfredosantiago/gcc-arm-none-eabi-9-2019-q4-major/bin/../lib/gcc/arm-none-eabi/9.2.1/../../../../arm-none-eabi/lib/thumb/v6-m/nofp/libc.a(lib_a-dtoa.o)
 .text._dtoa_r  0x000000000800642c      0xfa0 /Users/alfredosantiago/gcc-arm-none-eabi-9-2019-q4-major/bin/../lib/gcc/arm-none-eabi/9.2.1/../../../../arm-none-eabi/lib/thumb/v6-m/nofp/libc.a(lib_a-dtoa.o)
                0x000000000800642c                _dtoa_r
 .text._malloc_trim_r
                0x00000000080073cc       0x9c /Users/alfredosantiago/gcc-arm-none-eabi-9-2019-q4-major/bin/../lib/gcc/arm-none-eabi/9.2.1/../../../../arm-none-eabi/lib/thumb/v6-m/nofp/libc.a(lib_a-freer.o)
                0x00000000080073cc                _malloc_trim_r
 .text._free_r  0x0000000008007468      0x1c4 /Users/alfredosantiago/gcc-arm-none-eabi-9-2019-q4-major/bin/../lib/gcc/arm-none-eabi/9.2.1/../../../../arm-none-eabi/lib/thumb/v6-m/nofp/libc.a(lib_a-freer.o)
                0x0000000008007468                _free_r
 .text.__localeconv_l
                0x000000000800762c        0x4 /Users/alfredosantiago/gcc-arm-none-eabi-9-2019-q4-major/bin/../lib/gcc/arm-none-eabi/9.2.1/../../../../arm-none-eabi/lib/thumb/v6-m/nofp/libc.a(lib_a-localeconv.o)
                0x000000000800762c                __localeconv_l
 .text._localeconv_r
                0x0000000008007630        0x8 /Users/alfredosantiago/gcc-arm-none-eabi-9-2019-q4-major/bin/../lib/gcc/arm-none-eabi/9.2.1/../../../../arm-none-eabi/lib/thumb/v6-m/nofp/libc.a(lib_a-localeconv.o)
                0x0000000008007630                _localeconv_r
 .text.localeconv
                0x0000000008007638        0x8 /Users/alfredosantiago/gcc-arm-none-eabi-9-2019-q4-major/bin/../lib/gcc/arm-none-eabi/9.2.1/../../../../arm-none-eabi/lib/thumb/v6-m/nofp/libc.a(lib_a-localeconv.o)
                0x0000000008007638                localeconv
 .text.memchr   0x0000000008007640       0x74 /Users/alfredosantiago/gcc-arm-none-eabi-9-2019-q4-major/bin/../lib/gcc/arm-none-eabi/9.2.1/../../../../arm-none-eabi/lib/thumb/v6-m/nofp/libc.a(lib_a-memchr-stub.o)
                0x0000000008007640                memchr
 .text._Balloc  0x00000000080076b4       0x50 /Users/alfredosantiago/gcc-arm-none-eabi-9-2019-q4-major/bin/../lib/gcc/arm-none-eabi/9.2.1/../../../../arm-none-eabi/lib/thumb/v6-m/nofp/libc.a(lib_a-mprec.o)
                0x00000000080076b4                _Balloc
 .text._Bfree   0x0000000008007704       0x14 /Users/alfredosantiago/gcc-arm-none-eabi-9-2019-q4-major/bin/../lib/gcc/arm-none-eabi/9.2.1/../../../../arm-none-eabi/lib/thumb/v6-m/nofp/libc.a(lib_a-mprec.o)
                0x0000000008007704                _Bfree
 .text.__multadd
                0x0000000008007718       0x84 /Users/alfredosantiago/gcc-arm-none-eabi-9-2019-q4-major/bin/../lib/gcc/arm-none-eabi/9.2.1/../../../../arm-none-eabi/lib/thumb/v6-m/nofp/libc.a(lib_a-mprec.o)
                0x0000000008007718                __multadd
 .text.__s2b    0x000000000800779c       0x98 /Users/alfredosantiago/gcc-arm-none-eabi-9-2019-q4-major/bin/../lib/gcc/arm-none-eabi/9.2.1/../../../../arm-none-eabi/lib/thumb/v6-m/nofp/libc.a(lib_a-mprec.o)
                0x000000000800779c                __s2b
 .text.__hi0bits
                0x0000000008007834       0x38 /Users/alfredosantiago/gcc-arm-none-eabi-9-2019-q4-major/bin/../lib/gcc/arm-none-eabi/9.2.1/../../../../arm-none-eabi/lib/thumb/v6-m/nofp/libc.a(lib_a-mprec.o)
                0x0000000008007834                __hi0bits
 .text.__lo0bits
                0x000000000800786c       0x5c /Users/alfredosantiago/gcc-arm-none-eabi-9-2019-q4-major/bin/../lib/gcc/arm-none-eabi/9.2.1/../../../../arm-none-eabi/lib/thumb/v6-m/nofp/libc.a(lib_a-mprec.o)
                0x000000000800786c                __lo0bits
 .text.__i2b    0x00000000080078c8       0x14 /Users/alfredosantiago/gcc-arm-none-eabi-9-2019-q4-major/bin/../lib/gcc/arm-none-eabi/9.2.1/../../../../arm-none-eabi/lib/thumb/v6-m/nofp/libc.a(lib_a-mprec.o)
                0x00000000080078c8                __i2b
 .text.__multiply
                0x00000000080078dc      0x18c /Users/alfredosantiago/gcc-arm-none-eabi-9-2019-q4-major/bin/../lib/gcc/arm-none-eabi/9.2.1/../../../../arm-none-eabi/lib/thumb/v6-m/nofp/libc.a(lib_a-mprec.o)
                0x00000000080078dc                __multiply
 .text.__pow5mult
                0x0000000008007a68       0xc0 /Users/alfredosantiago/gcc-arm-none-eabi-9-2019-q4-major/bin/../lib/gcc/arm-none-eabi/9.2.1/../../../../arm-none-eabi/lib/thumb/v6-m/nofp/libc.a(lib_a-mprec.o)
                0x0000000008007a68                __pow5mult
 .text.__lshift
                0x0000000008007b28       0xec /Users/alfredosantiago/gcc-arm-none-eabi-9-2019-q4-major/bin/../lib/gcc/arm-none-eabi/9.2.1/../../../../arm-none-eabi/lib/thumb/v6-m/nofp/libc.a(lib_a-mprec.o)
                0x0000000008007b28                __lshift
 .text.__mcmp   0x0000000008007c14       0x38 /Users/alfredosantiago/gcc-arm-none-eabi-9-2019-q4-major/bin/../lib/gcc/arm-none-eabi/9.2.1/../../../../arm-none-eabi/lib/thumb/v6-m/nofp/libc.a(lib_a-mprec.o)
                0x0000000008007c14                __mcmp
 .text.__mdiff  0x0000000008007c4c      0x154 /Users/alfredosantiago/gcc-arm-none-eabi-9-2019-q4-major/bin/../lib/gcc/arm-none-eabi/9.2.1/../../../../arm-none-eabi/lib/thumb/v6-m/nofp/libc.a(lib_a-mprec.o)
                0x0000000008007c4c                __mdiff
 .text.__ulp    0x0000000008007da0       0x48 /Users/alfredosantiago/gcc-arm-none-eabi-9-2019-q4-major/bin/../lib/gcc/arm-none-eabi/9.2.1/../../../../arm-none-eabi/lib/thumb/v6-m/nofp/libc.a(lib_a-mprec.o)
                0x0000000008007da0                __ulp
 .text.__b2d    0x0000000008007de8       0xc8 /Users/alfredosantiago/gcc-arm-none-eabi-9-2019-q4-major/bin/../lib/gcc/arm-none-eabi/9.2.1/../../../../arm-none-eabi/lib/thumb/v6-m/nofp/libc.a(lib_a-mprec.o)
                0x0000000008007de8                __b2d
 .text.__d2b    0x0000000008007eb0       0xbc /Users/alfredosantiago/gcc-arm-none-eabi-9-2019-q4-major/bin/../lib/gcc/arm-none-eabi/9.2.1/../../../../arm-none-eabi/lib/thumb/v6-m/nofp/libc.a(lib_a-mprec.o)
                0x0000000008007eb0                __d2b
 .text.__ratio  0x0000000008007f6c       0x68 /Users/alfredosantiago/gcc-arm-none-eabi-9-2019-q4-major/bin/../lib/gcc/arm-none-eabi/9.2.1/../../../../arm-none-eabi/lib/thumb/v6-m/nofp/libc.a(lib_a-mprec.o)
                0x0000000008007f6c                __ratio
 .text._mprec_log10
                0x0000000008007fd4       0x34 /Users/alfredosantiago/gcc-arm-none-eabi-9-2019-q4-major/bin/../lib/gcc/arm-none-eabi/9.2.1/../../../../arm-none-eabi/lib/thumb/v6-m/nofp/libc.a(lib_a-mprec.o)
                0x0000000008007fd4                _mprec_log10
 .text.__copybits
                0x0000000008008008       0x40 /Users/alfredosantiago/gcc-arm-none-eabi-9-2019-q4-major/bin/../lib/gcc/arm-none-eabi/9.2.1/../../../../arm-none-eabi/lib/thumb/v6-m/nofp/libc.a(lib_a-mprec.o)
                0x0000000008008008                __copybits
 .text.__any_on
                0x0000000008008048       0x50 /Users/alfredosantiago/gcc-arm-none-eabi-9-2019-q4-major/bin/../lib/gcc/arm-none-eabi/9.2.1/../../../../arm-none-eabi/lib/thumb/v6-m/nofp/libc.a(lib_a-mprec.o)
                0x0000000008008048                __any_on
 .text.frexp    0x0000000008008098       0x64 /Users/alfredosantiago/gcc-arm-none-eabi-9-2019-q4-major/bin/../lib/gcc/arm-none-eabi/9.2.1/../../../../arm-none-eabi/lib/thumb/v6-m/nofp/libc.a(lib_a-s_frexp.o)
                0x0000000008008098                frexp
 .text.strncpy  0x00000000080080fc       0x6c /Users/alfredosantiago/gcc-arm-none-eabi-9-2019-q4-major/bin/../lib/gcc/arm-none-eabi/9.2.1/../../../../arm-none-eabi/lib/thumb/v6-m/nofp/libc.a(lib_a-strncpy.o)
                0x00000000080080fc                strncpy
 .text.__ssprint_r
                0x0000000008008168      0x114 /Users/alfredosantiago/gcc-arm-none-eabi-9-2019-q4-major/bin/../lib/gcc/arm-none-eabi/9.2.1/../../../../arm-none-eabi/lib/thumb/v6-m/nofp/libc.a(lib_a-svfiprintf.o)
                0x0000000008008168                __ssprint_r
 .text._svfiprintf_r
                0x000000000800827c      0xb84 /Users/alfredosantiago/gcc-arm-none-eabi-9-2019-q4-major/bin/../lib/gcc/arm-none-eabi/9.2.1/../../../../arm-none-eabi/lib/thumb/v6-m/nofp/libc.a(lib_a-svfiprintf.o)
                0x000000000800827c                _svfiprintf_r
 .text._calloc_r
                0x0000000008008e00       0x5c /Users/alfredosantiago/gcc-arm-none-eabi-9-2019-q4-major/bin/../lib/gcc/arm-none-eabi/9.2.1/../../../../arm-none-eabi/lib/thumb/v6-m/nofp/libc.a(lib_a-callocr.o)
                0x0000000008008e00                _calloc_r
 .text._setlocale_r
                0x0000000008008e5c       0x44 /Users/alfredosantiago/gcc-arm-none-eabi-9-2019-q4-major/bin/../lib/gcc/arm-none-eabi/9.2.1/../../../../arm-none-eabi/lib/thumb/v6-m/nofp/libc.a(lib_a-locale.o)
                0x0000000008008e5c                _setlocale_r
 .text.__locale_mb_cur_max
                0x0000000008008ea0       0x10 /Users/alfredosantiago/gcc-arm-none-eabi-9-2019-q4-major/bin/../lib/gcc/arm-none-eabi/9.2.1/../../../../arm-none-eabi/lib/thumb/v6-m/nofp/libc.a(lib_a-locale.o)
                0x0000000008008ea0                __locale_mb_cur_max
 .text.setlocale
                0x0000000008008eb0       0x18 /Users/alfredosantiago/gcc-arm-none-eabi-9-2019-q4-major/bin/../lib/gcc/arm-none-eabi/9.2.1/../../../../arm-none-eabi/lib/thumb/v6-m/nofp/libc.a(lib_a-locale.o)
                0x0000000008008eb0                setlocale
 .text._mbtowc_r
                0x0000000008008ec8       0x18 /Users/alfredosantiago/gcc-arm-none-eabi-9-2019-q4-major/bin/../lib/gcc/arm-none-eabi/9.2.1/../../../../arm-none-eabi/lib/thumb/v6-m/nofp/libc.a(lib_a-mbtowc_r.o)
                0x0000000008008ec8                _mbtowc_r
 .text.__ascii_mbtowc
                0x0000000008008ee0       0x2c /Users/alfredosantiago/gcc-arm-none-eabi-9-2019-q4-major/bin/../lib/gcc/arm-none-eabi/9.2.1/../../../../arm-none-eabi/lib/thumb/v6-m/nofp/libc.a(lib_a-mbtowc_r.o)
                0x0000000008008ee0                __ascii_mbtowc
 .text.memmove  0x0000000008008f0c       0xb8 /Users/alfredosantiago/gcc-arm-none-eabi-9-2019-q4-major/bin/../lib/gcc/arm-none-eabi/9.2.1/../../../../arm-none-eabi/lib/thumb/v6-m/nofp/libc.a(lib_a-memmove.o)
                0x0000000008008f0c                memmove
 .text._realloc_r
                0x0000000008008fc4      0x358 /Users/alfredosantiago/gcc-arm-none-eabi-9-2019-q4-major/bin/../lib/gcc/arm-none-eabi/9.2.1/../../../../arm-none-eabi/lib/thumb/v6-m/nofp/libc.a(lib_a-reallocr.o)
                0x0000000008008fc4                _realloc_r
 .text._wctomb_r
                0x000000000800931c       0x10 /Users/alfredosantiago/gcc-arm-none-eabi-9-2019-q4-major/bin/../lib/gcc/arm-none-eabi/9.2.1/../../../../arm-none-eabi/lib/thumb/v6-m/nofp/libc.a(lib_a-wctomb_r.o)
                0x000000000800931c                _wctomb_r
 .text.__ascii_wctomb
                0x000000000800932c       0x1c /Users/alfredosantiago/gcc-arm-none-eabi-9-2019-q4-major/bin/../lib/gcc/arm-none-eabi/9.2.1/../../../../arm-none-eabi/lib/thumb/v6-m/nofp/libc.a(lib_a-wctomb_r.o)
                0x000000000800932c                __ascii_wctomb
 .text._getpid  0x0000000008009348       0x10 /Users/alfredosantiago/gcc-arm-none-eabi-9-2019-q4-major/bin/../lib/gcc/arm-none-eabi/9.2.1/../../../../arm-none-eabi/lib/thumb/v6-m/nofp/libnosys.a(getpid.o)
                0x0000000008009348                _getpid
 .text._kill    0x0000000008009358       0x10 /Users/alfredosantiago/gcc-arm-none-eabi-9-2019-q4-major/bin/../lib/gcc/arm-none-eabi/9.2.1/../../../../arm-none-eabi/lib/thumb/v6-m/nofp/libnosys.a(kill.o)
                0x0000000008009358                _kill
 .text._sbrk    0x0000000008009368       0x1c /Users/alfredosantiago/gcc-arm-none-eabi-9-2019-q4-major/bin/../lib/gcc/arm-none-eabi/9.2.1/../../../../arm-none-eabi/lib/thumb/v6-m/nofp/libnosys.a(sbrk.o)
                0x0000000008009368                _sbrk
 .text._exit    0x0000000008009384        0x4 /Users/alfredosantiago/gcc-arm-none-eabi-9-2019-q4-major/bin/../lib/gcc/arm-none-eabi/9.2.1/../../../../arm-none-eabi/lib/thumb/v6-m/nofp/libnosys.a(_exit.o)
                0x0000000008009384                _exit
 *(.glue_7)
 .glue_7        0x0000000008009388        0x0 linker stubs
 *(.glue_7t)
 .glue_7t       0x0000000008009388        0x0 linker stubs
 *(.eh_frame)
 .eh_frame      0x0000000008009388        0x0 /Users/alfredosantiago/gcc-arm-none-eabi-9-2019-q4-major/bin/../lib/gcc/arm-none-eabi/9.2.1/thumb/v6-m/nofp/crtbegin.o
 .eh_frame      0x0000000008009388        0x4 /Users/alfredosantiago/gcc-arm-none-eabi-9-2019-q4-major/bin/../lib/gcc/arm-none-eabi/9.2.1/thumb/v6-m/nofp/crtend.o
 *(.init)
 .init          0x000000000800938c        0x4 /Users/alfredosantiago/gcc-arm-none-eabi-9-2019-q4-major/bin/../lib/gcc/arm-none-eabi/9.2.1/thumb/v6-m/nofp/crti.o
                0x000000000800938c                _init
 .init          0x0000000008009390        0x8 /Users/alfredosantiago/gcc-arm-none-eabi-9-2019-q4-major/bin/../lib/gcc/arm-none-eabi/9.2.1/thumb/v6-m/nofp/crtn.o
 *(.fini)
 .fini          0x0000000008009398        0x4 /Users/alfredosantiago/gcc-arm-none-eabi-9-2019-q4-major/bin/../lib/gcc/arm-none-eabi/9.2.1/thumb/v6-m/nofp/crti.o
                0x0000000008009398                _fini
 .fini          0x000000000800939c        0x8 /Users/alfredosantiago/gcc-arm-none-eabi-9-2019-q4-major/bin/../lib/gcc/arm-none-eabi/9.2.1/thumb/v6-m/nofp/crtn.o
                0x00000000080093a4                . = ALIGN (0x4)
                0x00000000080093a4                _etext = .

.vfp11_veneer   0x00000000080093a4        0x0
 .vfp11_veneer  0x00000000080093a4        0x0 linker stubs

.v4_bx          0x00000000080093a4        0x0
 .v4_bx         0x00000000080093a4        0x0 linker stubs

.iplt           0x00000000080093a4        0x0
 .iplt          0x00000000080093a4        0x0 /Users/alfredosantiago/gcc-arm-none-eabi-9-2019-q4-major/bin/../lib/gcc/arm-none-eabi/9.2.1/thumb/v6-m/nofp/crtbegin.o

.rodata         0x00000000080093a8      0x634
                0x00000000080093a8                . = ALIGN (0x4)
 *(.rodata)
 .rodata        0x00000000080093a8        0x5 main.o
 *fill*         0x00000000080093ad        0x3 
 .rodata        0x00000000080093b0       0x40 /Users/alfredosantiago/gcc-arm-none-eabi-9-2019-q4-major/bin/../lib/gcc/arm-none-eabi/9.2.1/thumb/v6-m/nofp/libgcc.a(divdf3.o)
 .rodata        0x00000000080093f0       0x40 /Users/alfredosantiago/gcc-arm-none-eabi-9-2019-q4-major/bin/../lib/gcc/arm-none-eabi/9.2.1/thumb/v6-m/nofp/libgcc.a(muldf3.o)
 *(.rodata*)
 .rodata._global_impure_ptr
                0x0000000008009430        0x4 /Users/alfredosantiago/gcc-arm-none-eabi-9-2019-q4-major/bin/../lib/gcc/arm-none-eabi/9.2.1/../../../../arm-none-eabi/lib/thumb/v6-m/nofp/libc.a(lib_a-impure.o)
                0x0000000008009430                _global_impure_ptr
 .rodata._svfprintf_r.str1.4
                0x0000000008009434       0x42 /Users/alfredosantiago/gcc-arm-none-eabi-9-2019-q4-major/bin/../lib/gcc/arm-none-eabi/9.2.1/../../../../arm-none-eabi/lib/thumb/v6-m/nofp/libc.a(lib_a-svfprintf.o)
 *fill*         0x0000000008009476        0x2 
 .rodata._svfprintf_r
                0x0000000008009478      0x16c /Users/alfredosantiago/gcc-arm-none-eabi-9-2019-q4-major/bin/../lib/gcc/arm-none-eabi/9.2.1/../../../../arm-none-eabi/lib/thumb/v6-m/nofp/libc.a(lib_a-svfprintf.o)
 .rodata.blanks.7345
                0x00000000080095e4       0x10 /Users/alfredosantiago/gcc-arm-none-eabi-9-2019-q4-major/bin/../lib/gcc/arm-none-eabi/9.2.1/../../../../arm-none-eabi/lib/thumb/v6-m/nofp/libc.a(lib_a-svfprintf.o)
 .rodata.zeroes.7346
                0x00000000080095f4       0x10 /Users/alfredosantiago/gcc-arm-none-eabi-9-2019-q4-major/bin/../lib/gcc/arm-none-eabi/9.2.1/../../../../arm-none-eabi/lib/thumb/v6-m/nofp/libc.a(lib_a-svfprintf.o)
 .rodata._dtoa_r.str1.4
                0x0000000008009604        0xd /Users/alfredosantiago/gcc-arm-none-eabi-9-2019-q4-major/bin/../lib/gcc/arm-none-eabi/9.2.1/../../../../arm-none-eabi/lib/thumb/v6-m/nofp/libc.a(lib_a-dtoa.o)
                                         0x12 (size before relaxing)
 *fill*         0x0000000008009611        0x7 
 .rodata.__mprec_bigtens
                0x0000000008009618       0x28 /Users/alfredosantiago/gcc-arm-none-eabi-9-2019-q4-major/bin/../lib/gcc/arm-none-eabi/9.2.1/../../../../arm-none-eabi/lib/thumb/v6-m/nofp/libc.a(lib_a-mprec.o)
                0x0000000008009618                __mprec_bigtens
 .rodata.__mprec_tens
                0x0000000008009640       0xc8 /Users/alfredosantiago/gcc-arm-none-eabi-9-2019-q4-major/bin/../lib/gcc/arm-none-eabi/9.2.1/../../../../arm-none-eabi/lib/thumb/v6-m/nofp/libc.a(lib_a-mprec.o)
                0x0000000008009640                __mprec_tens
 .rodata.__mprec_tinytens
                0x0000000008009708       0x28 /Users/alfredosantiago/gcc-arm-none-eabi-9-2019-q4-major/bin/../lib/gcc/arm-none-eabi/9.2.1/../../../../arm-none-eabi/lib/thumb/v6-m/nofp/libc.a(lib_a-mprec.o)
                0x0000000008009708                __mprec_tinytens
 .rodata.p05.6115
                0x0000000008009730        0xc /Users/alfredosantiago/gcc-arm-none-eabi-9-2019-q4-major/bin/../lib/gcc/arm-none-eabi/9.2.1/../../../../arm-none-eabi/lib/thumb/v6-m/nofp/libc.a(lib_a-mprec.o)
 .rodata._svfiprintf_r.str1.4
                0x000000000800973c       0x2f /Users/alfredosantiago/gcc-arm-none-eabi-9-2019-q4-major/bin/../lib/gcc/arm-none-eabi/9.2.1/../../../../arm-none-eabi/lib/thumb/v6-m/nofp/libc.a(lib_a-svfiprintf.o)
 .rodata._svfiprintf_r
                0x000000000800973c      0x16c /Users/alfredosantiago/gcc-arm-none-eabi-9-2019-q4-major/bin/../lib/gcc/arm-none-eabi/9.2.1/../../../../arm-none-eabi/lib/thumb/v6-m/nofp/libc.a(lib_a-svfiprintf.o)
 .rodata.blanks.7324
                0x00000000080098a8       0x10 /Users/alfredosantiago/gcc-arm-none-eabi-9-2019-q4-major/bin/../lib/gcc/arm-none-eabi/9.2.1/../../../../arm-none-eabi/lib/thumb/v6-m/nofp/libc.a(lib_a-svfiprintf.o)
 .rodata.zeroes.7325
                0x00000000080098b8       0x10 /Users/alfredosantiago/gcc-arm-none-eabi-9-2019-q4-major/bin/../lib/gcc/arm-none-eabi/9.2.1/../../../../arm-none-eabi/lib/thumb/v6-m/nofp/libc.a(lib_a-svfiprintf.o)
 .rodata._setlocale_r.str1.4
                0x00000000080098c8        0xa /Users/alfredosantiago/gcc-arm-none-eabi-9-2019-q4-major/bin/../lib/gcc/arm-none-eabi/9.2.1/../../../../arm-none-eabi/lib/thumb/v6-m/nofp/libc.a(lib_a-locale.o)
                                          0xd (size before relaxing)
 *fill*         0x00000000080098d2        0x2 
 .rodata.str1.4
                0x00000000080098d4        0x2 /Users/alfredosantiago/gcc-arm-none-eabi-9-2019-q4-major/bin/../lib/gcc/arm-none-eabi/9.2.1/../../../../arm-none-eabi/lib/thumb/v6-m/nofp/libc.a(lib_a-locale.o)
 *fill*         0x00000000080098d6        0x2 
 .rodata._ctype_
                0x00000000080098d8      0x101 /Users/alfredosantiago/gcc-arm-none-eabi-9-2019-q4-major/bin/../lib/gcc/arm-none-eabi/9.2.1/../../../../arm-none-eabi/lib/thumb/v6-m/nofp/libc.a(lib_a-ctype_.o)
                0x00000000080098d8                _ctype_
                0x00000000080099dc                . = ALIGN (0x4)
 *fill*         0x00000000080099d9        0x3 

.ARM.extab      0x00000000080099dc       0x3c
 *(.ARM.extab* .gnu.linkonce.armextab.*)
 .ARM.extab     0x00000000080099dc        0x0 /Users/alfredosantiago/gcc-arm-none-eabi-9-2019-q4-major/bin/../lib/gcc/arm-none-eabi/9.2.1/../../../../arm-none-eabi/lib/thumb/v6-m/nofp/crt0.o
 .ARM.extab     0x00000000080099dc        0xc main.o
 .ARM.extab     0x00000000080099e8        0x0 system_stm32f0xx.o
 .ARM.extab     0x00000000080099e8        0x0 stm32f0xx_it.o
 .ARM.extab     0x00000000080099e8        0x0 delay.o
 .ARM.extab     0x00000000080099e8        0x0 can.o
 .ARM.extab     0x00000000080099e8        0x0 virtualCom.o
 .ARM.extab     0x00000000080099e8       0x24 /Users/alfredosantiago/gcc-arm-none-eabi-9-2019-q4-major/bin/../lib/gcc/arm-none-eabi/9.2.1/thumb/v6-m/nofp/libgcc.a(unwind-arm.o)
 .ARM.extab     0x0000000008009a0c        0xc /Users/alfredosantiago/gcc-arm-none-eabi-9-2019-q4-major/bin/../lib/gcc/arm-none-eabi/9.2.1/thumb/v6-m/nofp/libgcc.a(pr-support.o)
 .ARM.extab.text.unlikely
                0x0000000008009a18        0x0 /Users/alfredosantiago/gcc-arm-none-eabi-9-2019-q4-major/bin/../lib/gcc/arm-none-eabi/9.2.1/thumb/v6-m/nofp/libgcc.a(pr-support.o)
 .ARM.extab     0x0000000008009a18        0x0 /Users/alfredosantiago/gcc-arm-none-eabi-9-2019-q4-major/bin/../lib/gcc/arm-none-eabi/9.2.1/thumb/v6-m/nofp/libgcc.a(_udivmoddi4.o)

.ARM            0x0000000008009a18       0xe8
                0x0000000008009a18                __exidx_start = .
 *(.ARM.exidx*)
 .ARM.exidx     0x0000000008009a18        0x8 /Users/alfredosantiago/gcc-arm-none-eabi-9-2019-q4-major/bin/../lib/gcc/arm-none-eabi/9.2.1/../../../../arm-none-eabi/lib/thumb/v6-m/nofp/crt0.o
 .ARM.exidx     0x0000000008009a20        0x8 main.o
 .ARM.exidx     0x0000000008009a28        0x8 system_stm32f0xx.o
                                         0x18 (size before relaxing)
 .ARM.exidx     0x0000000008009a30        0x8 stm32f0xx_it.o
                                         0x28 (size before relaxing)
 .ARM.exidx     0x0000000008009a38        0x8 delay.o
                                         0x28 (size before relaxing)
 .ARM.exidx     0x0000000008009a40        0x0 can.o
                                         0x10 (size before relaxing)
 .ARM.exidx     0x0000000008009a40        0x0 virtualCom.o
                                         0x10 (size before relaxing)
 .ARM.exidx     0x0000000008009a40       0x90 /Users/alfredosantiago/gcc-arm-none-eabi-9-2019-q4-major/bin/../lib/gcc/arm-none-eabi/9.2.1/thumb/v6-m/nofp/libgcc.a(unwind-arm.o)
                                         0xd8 (size before relaxing)
 .ARM.exidx     0x0000000008009ad0       0x30 /Users/alfredosantiago/gcc-arm-none-eabi-9-2019-q4-major/bin/../lib/gcc/arm-none-eabi/9.2.1/thumb/v6-m/nofp/libgcc.a(pr-support.o)
                                         0x38 (size before relaxing)
 .ARM.exidx.text.unlikely
                0x0000000008009b00        0x0 /Users/alfredosantiago/gcc-arm-none-eabi-9-2019-q4-major/bin/../lib/gcc/arm-none-eabi/9.2.1/thumb/v6-m/nofp/libgcc.a(pr-support.o)
                                         0x10 (size before relaxing)
 .ARM.exidx     0x0000000008009b00        0x0 /Users/alfredosantiago/gcc-arm-none-eabi-9-2019-q4-major/bin/../lib/gcc/arm-none-eabi/9.2.1/thumb/v6-m/nofp/libgcc.a(_udivmoddi4.o)
                                          0x8 (size before relaxing)
                0x0000000008009b00                __exidx_end = .

.rel.dyn        0x0000000008009b00        0x0
 .rel.iplt      0x0000000008009b00        0x0 /Users/alfredosantiago/gcc-arm-none-eabi-9-2019-q4-major/bin/../lib/gcc/arm-none-eabi/9.2.1/thumb/v6-m/nofp/crtbegin.o

.preinit_array  0x0000000008009b00        0x0
                0x0000000008009b00                PROVIDE (__preinit_array_start = .)
 *(.preinit_array*)
                0x0000000008009b00                PROVIDE (__preinit_array_end = .)

.init_array     0x0000000008009b00        0x8
                0x0000000008009b00                PROVIDE (__init_array_start = .)
 *(SORT_BY_NAME(.init_array.*))
 .init_array.00000
                0x0000000008009b00        0x4 /Users/alfredosantiago/gcc-arm-none-eabi-9-2019-q4-major/bin/../lib/gcc/arm-none-eabi/9.2.1/../../../../arm-none-eabi/lib/thumb/v6-m/nofp/libc.a(lib_a-__call_atexit.o)
 *(.init_array*)
 .init_array    0x0000000008009b04        0x4 /Users/alfredosantiago/gcc-arm-none-eabi-9-2019-q4-major/bin/../lib/gcc/arm-none-eabi/9.2.1/thumb/v6-m/nofp/crtbegin.o
                0x0000000008009b08                PROVIDE (__init_array_end = .)

.fini_array     0x0000000008009b08        0x4
                0x0000000008009b08                PROVIDE (__fini_array_start = .)
 *(SORT_BY_NAME(.fini_array.*))
 *(.fini_array*)
 .fini_array    0x0000000008009b08        0x4 /Users/alfredosantiago/gcc-arm-none-eabi-9-2019-q4-major/bin/../lib/gcc/arm-none-eabi/9.2.1/thumb/v6-m/nofp/crtbegin.o
                0x0000000008009b0c                PROVIDE (__fini_array_end = .)
                0x0000000008009b0c                _sidata = LOADADDR (.data)

.data           0x0000000020000000      0x9c8 load address 0x0000000008009b0c
                0x0000000020000000                . = ALIGN (0x4)
                0x0000000020000000                _sdata = .
 *(.data)
 .data          0x0000000020000000        0x0 /Users/alfredosantiago/gcc-arm-none-eabi-9-2019-q4-major/bin/../lib/gcc/arm-none-eabi/9.2.1/thumb/v6-m/nofp/crti.o
 .data          0x0000000020000000        0x4 /Users/alfredosantiago/gcc-arm-none-eabi-9-2019-q4-major/bin/../lib/gcc/arm-none-eabi/9.2.1/thumb/v6-m/nofp/crtbegin.o
                0x0000000020000000                __dso_handle
 .data          0x0000000020000004        0x0 /Users/alfredosantiago/gcc-arm-none-eabi-9-2019-q4-major/bin/../lib/gcc/arm-none-eabi/9.2.1/../../../../arm-none-eabi/lib/thumb/v6-m/nofp/crt0.o
 .data          0x0000000020000004        0x2 main.o
                0x0000000020000004                CAN_ID
 *fill*         0x0000000020000006        0x2 
 .data          0x0000000020000008       0x14 system_stm32f0xx.o
                0x0000000020000008                SystemCoreClock
                0x000000002000000c                AHBPrescTable
 .data          0x000000002000001c        0x0 stm32f0xx_it.o
 .data          0x000000002000001c        0x0 delay.o
 .data          0x000000002000001c        0x0 can.o
 .data          0x000000002000001c        0x0 virtualCom.o
 .data          0x000000002000001c        0x0 /var/folders/z7/r0sl_m4s4cjddj85mgx_0msh0000gn/T//ccDx45zD.o
 .data          0x000000002000001c        0x0 /Users/alfredosantiago/gcc-arm-none-eabi-9-2019-q4-major/bin/../lib/gcc/arm-none-eabi/9.2.1/thumb/v6-m/nofp/libgcc.a(_udivsi3.o)
 .data          0x000000002000001c        0x0 /Users/alfredosantiago/gcc-arm-none-eabi-9-2019-q4-major/bin/../lib/gcc/arm-none-eabi/9.2.1/thumb/v6-m/nofp/libgcc.a(_dvmd_tls.o)
 .data          0x000000002000001c        0x0 /Users/alfredosantiago/gcc-arm-none-eabi-9-2019-q4-major/bin/../lib/gcc/arm-none-eabi/9.2.1/thumb/v6-m/nofp/libgcc.a(unwind-arm.o)
 .data          0x000000002000001c        0x0 /Users/alfredosantiago/gcc-arm-none-eabi-9-2019-q4-major/bin/../lib/gcc/arm-none-eabi/9.2.1/thumb/v6-m/nofp/libgcc.a(libunwind.o)
 .data          0x000000002000001c        0x0 /Users/alfredosantiago/gcc-arm-none-eabi-9-2019-q4-major/bin/../lib/gcc/arm-none-eabi/9.2.1/thumb/v6-m/nofp/libgcc.a(pr-support.o)
 .data          0x000000002000001c        0x0 /Users/alfredosantiago/gcc-arm-none-eabi-9-2019-q4-major/bin/../lib/gcc/arm-none-eabi/9.2.1/../../../../arm-none-eabi/lib/thumb/v6-m/nofp/libc.a(lib_a-abort.o)
 .data          0x000000002000001c        0x0 /Users/alfredosantiago/gcc-arm-none-eabi-9-2019-q4-major/bin/../lib/gcc/arm-none-eabi/9.2.1/../../../../arm-none-eabi/lib/thumb/v6-m/nofp/libc.a(lib_a-exit.o)
 .data          0x000000002000001c        0x0 /Users/alfredosantiago/gcc-arm-none-eabi-9-2019-q4-major/bin/../lib/gcc/arm-none-eabi/9.2.1/../../../../arm-none-eabi/lib/thumb/v6-m/nofp/libc.a(lib_a-impure.o)
 .data          0x000000002000001c        0x0 /Users/alfredosantiago/gcc-arm-none-eabi-9-2019-q4-major/bin/../lib/gcc/arm-none-eabi/9.2.1/../../../../arm-none-eabi/lib/thumb/v6-m/nofp/libc.a(lib_a-init.o)
 .data          0x000000002000001c        0x0 /Users/alfredosantiago/gcc-arm-none-eabi-9-2019-q4-major/bin/../lib/gcc/arm-none-eabi/9.2.1/../../../../arm-none-eabi/lib/thumb/v6-m/nofp/libc.a(lib_a-memcpy-stub.o)
 .data          0x000000002000001c        0x0 /Users/alfredosantiago/gcc-arm-none-eabi-9-2019-q4-major/bin/../lib/gcc/arm-none-eabi/9.2.1/../../../../arm-none-eabi/lib/thumb/v6-m/nofp/libc.a(lib_a-memset.o)
 .data          0x000000002000001c        0x0 /Users/alfredosantiago/gcc-arm-none-eabi-9-2019-q4-major/bin/../lib/gcc/arm-none-eabi/9.2.1/../../../../arm-none-eabi/lib/thumb/v6-m/nofp/libc.a(lib_a-signal.o)
 .data          0x000000002000001c        0x0 /Users/alfredosantiago/gcc-arm-none-eabi-9-2019-q4-major/bin/../lib/gcc/arm-none-eabi/9.2.1/../../../../arm-none-eabi/lib/thumb/v6-m/nofp/libc.a(lib_a-signalr.o)
 .data          0x000000002000001c        0x0 /Users/alfredosantiago/gcc-arm-none-eabi-9-2019-q4-major/bin/../lib/gcc/arm-none-eabi/9.2.1/../../../../arm-none-eabi/lib/thumb/v6-m/nofp/libc.a(lib_a-strlen-stub.o)
 .data          0x000000002000001c        0x0 /Users/alfredosantiago/gcc-arm-none-eabi-9-2019-q4-major/bin/../lib/gcc/arm-none-eabi/9.2.1/../../../../arm-none-eabi/lib/thumb/v6-m/nofp/libc.a(lib_a-vsprintf.o)
 .data          0x000000002000001c        0x0 /Users/alfredosantiago/gcc-arm-none-eabi-9-2019-q4-major/bin/../lib/gcc/arm-none-eabi/9.2.1/../../../../arm-none-eabi/lib/thumb/v6-m/nofp/libc.a(lib_a-__call_atexit.o)
 .data          0x000000002000001c        0x0 /Users/alfredosantiago/gcc-arm-none-eabi-9-2019-q4-major/bin/../lib/gcc/arm-none-eabi/9.2.1/../../../../arm-none-eabi/lib/thumb/v6-m/nofp/libc.a(lib_a-atexit.o)
 .data          0x000000002000001c        0x0 /Users/alfredosantiago/gcc-arm-none-eabi-9-2019-q4-major/bin/../lib/gcc/arm-none-eabi/9.2.1/../../../../arm-none-eabi/lib/thumb/v6-m/nofp/libc.a(lib_a-fini.o)
 .data          0x000000002000001c        0x0 /Users/alfredosantiago/gcc-arm-none-eabi-9-2019-q4-major/bin/../lib/gcc/arm-none-eabi/9.2.1/../../../../arm-none-eabi/lib/thumb/v6-m/nofp/libc.a(lib_a-lock.o)
 .data          0x000000002000001c        0x0 /Users/alfredosantiago/gcc-arm-none-eabi-9-2019-q4-major/bin/../lib/gcc/arm-none-eabi/9.2.1/../../../../arm-none-eabi/lib/thumb/v6-m/nofp/libc.a(lib_a-mallocr.o)
 .data          0x000000002000001c        0x0 /Users/alfredosantiago/gcc-arm-none-eabi-9-2019-q4-major/bin/../lib/gcc/arm-none-eabi/9.2.1/../../../../arm-none-eabi/lib/thumb/v6-m/nofp/libc.a(lib_a-mlock.o)
 .data          0x000000002000001c        0x0 /Users/alfredosantiago/gcc-arm-none-eabi-9-2019-q4-major/bin/../lib/gcc/arm-none-eabi/9.2.1/../../../../arm-none-eabi/lib/thumb/v6-m/nofp/libc.a(lib_a-reent.o)
 .data          0x000000002000001c        0x0 /Users/alfredosantiago/gcc-arm-none-eabi-9-2019-q4-major/bin/../lib/gcc/arm-none-eabi/9.2.1/../../../../arm-none-eabi/lib/thumb/v6-m/nofp/libc.a(lib_a-sbrkr.o)
 .data          0x000000002000001c        0x0 /Users/alfredosantiago/gcc-arm-none-eabi-9-2019-q4-major/bin/../lib/gcc/arm-none-eabi/9.2.1/../../../../arm-none-eabi/lib/thumb/v6-m/nofp/libc.a(lib_a-svfprintf.o)
 .data          0x000000002000001c        0x0 /Users/alfredosantiago/gcc-arm-none-eabi-9-2019-q4-major/bin/../lib/gcc/arm-none-eabi/9.2.1/../../../../arm-none-eabi/lib/thumb/v6-m/nofp/libc.a(lib_a-__atexit.o)
 .data          0x000000002000001c        0x0 /Users/alfredosantiago/gcc-arm-none-eabi-9-2019-q4-major/bin/../lib/gcc/arm-none-eabi/9.2.1/../../../../arm-none-eabi/lib/thumb/v6-m/nofp/libc.a(lib_a-dtoa.o)
 .data          0x000000002000001c        0x0 /Users/alfredosantiago/gcc-arm-none-eabi-9-2019-q4-major/bin/../lib/gcc/arm-none-eabi/9.2.1/../../../../arm-none-eabi/lib/thumb/v6-m/nofp/libc.a(lib_a-freer.o)
 .data          0x000000002000001c        0x0 /Users/alfredosantiago/gcc-arm-none-eabi-9-2019-q4-major/bin/../lib/gcc/arm-none-eabi/9.2.1/../../../../arm-none-eabi/lib/thumb/v6-m/nofp/libc.a(lib_a-localeconv.o)
 .data          0x000000002000001c        0x0 /Users/alfredosantiago/gcc-arm-none-eabi-9-2019-q4-major/bin/../lib/gcc/arm-none-eabi/9.2.1/../../../../arm-none-eabi/lib/thumb/v6-m/nofp/libc.a(lib_a-memchr-stub.o)
 .data          0x000000002000001c        0x0 /Users/alfredosantiago/gcc-arm-none-eabi-9-2019-q4-major/bin/../lib/gcc/arm-none-eabi/9.2.1/../../../../arm-none-eabi/lib/thumb/v6-m/nofp/libc.a(lib_a-mprec.o)
 .data          0x000000002000001c        0x0 /Users/alfredosantiago/gcc-arm-none-eabi-9-2019-q4-major/bin/../lib/gcc/arm-none-eabi/9.2.1/../../../../arm-none-eabi/lib/thumb/v6-m/nofp/libc.a(lib_a-s_frexp.o)
 .data          0x000000002000001c        0x0 /Users/alfredosantiago/gcc-arm-none-eabi-9-2019-q4-major/bin/../lib/gcc/arm-none-eabi/9.2.1/../../../../arm-none-eabi/lib/thumb/v6-m/nofp/libc.a(lib_a-strncpy.o)
 .data          0x000000002000001c        0x0 /Users/alfredosantiago/gcc-arm-none-eabi-9-2019-q4-major/bin/../lib/gcc/arm-none-eabi/9.2.1/../../../../arm-none-eabi/lib/thumb/v6-m/nofp/libc.a(lib_a-svfiprintf.o)
 .data          0x000000002000001c        0x0 /Users/alfredosantiago/gcc-arm-none-eabi-9-2019-q4-major/bin/../lib/gcc/arm-none-eabi/9.2.1/../../../../arm-none-eabi/lib/thumb/v6-m/nofp/libc.a(lib_a-callocr.o)
 .data          0x000000002000001c        0x0 /Users/alfredosantiago/gcc-arm-none-eabi-9-2019-q4-major/bin/../lib/gcc/arm-none-eabi/9.2.1/../../../../arm-none-eabi/lib/thumb/v6-m/nofp/libc.a(lib_a-locale.o)
 .data          0x000000002000001c        0x0 /Users/alfredosantiago/gcc-arm-none-eabi-9-2019-q4-major/bin/../lib/gcc/arm-none-eabi/9.2.1/../../../../arm-none-eabi/lib/thumb/v6-m/nofp/libc.a(lib_a-mbtowc_r.o)
 .data          0x000000002000001c        0x0 /Users/alfredosantiago/gcc-arm-none-eabi-9-2019-q4-major/bin/../lib/gcc/arm-none-eabi/9.2.1/../../../../arm-none-eabi/lib/thumb/v6-m/nofp/libc.a(lib_a-memmove.o)
 .data          0x000000002000001c        0x0 /Users/alfredosantiago/gcc-arm-none-eabi-9-2019-q4-major/bin/../lib/gcc/arm-none-eabi/9.2.1/../../../../arm-none-eabi/lib/thumb/v6-m/nofp/libc.a(lib_a-reallocr.o)
 .data          0x000000002000001c        0x0 /Users/alfredosantiago/gcc-arm-none-eabi-9-2019-q4-major/bin/../lib/gcc/arm-none-eabi/9.2.1/../../../../arm-none-eabi/lib/thumb/v6-m/nofp/libc.a(lib_a-strcmp.o)
 .data          0x000000002000001c        0x0 /Users/alfredosantiago/gcc-arm-none-eabi-9-2019-q4-major/bin/../lib/gcc/arm-none-eabi/9.2.1/../../../../arm-none-eabi/lib/thumb/v6-m/nofp/libc.a(lib_a-wctomb_r.o)
 .data          0x000000002000001c        0x0 /Users/alfredosantiago/gcc-arm-none-eabi-9-2019-q4-major/bin/../lib/gcc/arm-none-eabi/9.2.1/../../../../arm-none-eabi/lib/thumb/v6-m/nofp/libc.a(lib_a-ctype_.o)
 .data          0x000000002000001c        0x0 /Users/alfredosantiago/gcc-arm-none-eabi-9-2019-q4-major/bin/../lib/gcc/arm-none-eabi/9.2.1/thumb/v6-m/nofp/libgcc.a(_divsi3.o)
 .data          0x000000002000001c        0x0 /Users/alfredosantiago/gcc-arm-none-eabi-9-2019-q4-major/bin/../lib/gcc/arm-none-eabi/9.2.1/thumb/v6-m/nofp/libgcc.a(_arm_cmpdf2.o)
 .data          0x000000002000001c        0x0 /Users/alfredosantiago/gcc-arm-none-eabi-9-2019-q4-major/bin/../lib/gcc/arm-none-eabi/9.2.1/thumb/v6-m/nofp/libgcc.a(_aeabi_uldivmod.o)
 .data          0x000000002000001c        0x0 /Users/alfredosantiago/gcc-arm-none-eabi-9-2019-q4-major/bin/../lib/gcc/arm-none-eabi/9.2.1/thumb/v6-m/nofp/libgcc.a(_udivmoddi4.o)
 .data          0x000000002000001c        0x0 /Users/alfredosantiago/gcc-arm-none-eabi-9-2019-q4-major/bin/../lib/gcc/arm-none-eabi/9.2.1/thumb/v6-m/nofp/libgcc.a(adddf3.o)
 .data          0x000000002000001c        0x0 /Users/alfredosantiago/gcc-arm-none-eabi-9-2019-q4-major/bin/../lib/gcc/arm-none-eabi/9.2.1/thumb/v6-m/nofp/libgcc.a(divdf3.o)
 .data          0x000000002000001c        0x0 /Users/alfredosantiago/gcc-arm-none-eabi-9-2019-q4-major/bin/../lib/gcc/arm-none-eabi/9.2.1/thumb/v6-m/nofp/libgcc.a(eqdf2.o)
 .data          0x000000002000001c        0x0 /Users/alfredosantiago/gcc-arm-none-eabi-9-2019-q4-major/bin/../lib/gcc/arm-none-eabi/9.2.1/thumb/v6-m/nofp/libgcc.a(gedf2.o)
 .data          0x000000002000001c        0x0 /Users/alfredosantiago/gcc-arm-none-eabi-9-2019-q4-major/bin/../lib/gcc/arm-none-eabi/9.2.1/thumb/v6-m/nofp/libgcc.a(ledf2.o)
 .data          0x000000002000001c        0x0 /Users/alfredosantiago/gcc-arm-none-eabi-9-2019-q4-major/bin/../lib/gcc/arm-none-eabi/9.2.1/thumb/v6-m/nofp/libgcc.a(muldf3.o)
 .data          0x000000002000001c        0x0 /Users/alfredosantiago/gcc-arm-none-eabi-9-2019-q4-major/bin/../lib/gcc/arm-none-eabi/9.2.1/thumb/v6-m/nofp/libgcc.a(subdf3.o)
 .data          0x000000002000001c        0x0 /Users/alfredosantiago/gcc-arm-none-eabi-9-2019-q4-major/bin/../lib/gcc/arm-none-eabi/9.2.1/thumb/v6-m/nofp/libgcc.a(unorddf2.o)
 .data          0x000000002000001c        0x0 /Users/alfredosantiago/gcc-arm-none-eabi-9-2019-q4-major/bin/../lib/gcc/arm-none-eabi/9.2.1/thumb/v6-m/nofp/libgcc.a(fixdfsi.o)
 .data          0x000000002000001c        0x0 /Users/alfredosantiago/gcc-arm-none-eabi-9-2019-q4-major/bin/../lib/gcc/arm-none-eabi/9.2.1/thumb/v6-m/nofp/libgcc.a(floatsidf.o)
 .data          0x000000002000001c        0x0 /Users/alfredosantiago/gcc-arm-none-eabi-9-2019-q4-major/bin/../lib/gcc/arm-none-eabi/9.2.1/thumb/v6-m/nofp/libgcc.a(floatunsidf.o)
 .data          0x000000002000001c        0x0 /Users/alfredosantiago/gcc-arm-none-eabi-9-2019-q4-major/bin/../lib/gcc/arm-none-eabi/9.2.1/thumb/v6-m/nofp/libgcc.a(_clzsi2.o)
 .data          0x000000002000001c        0x0 /Users/alfredosantiago/gcc-arm-none-eabi-9-2019-q4-major/bin/../lib/gcc/arm-none-eabi/9.2.1/thumb/v6-m/nofp/libgcc.a(_clzdi2.o)
 .data          0x000000002000001c        0x0 /Users/alfredosantiago/gcc-arm-none-eabi-9-2019-q4-major/bin/../lib/gcc/arm-none-eabi/9.2.1/../../../../arm-none-eabi/lib/thumb/v6-m/nofp/libnosys.a(getpid.o)
 .data          0x000000002000001c        0x0 /Users/alfredosantiago/gcc-arm-none-eabi-9-2019-q4-major/bin/../lib/gcc/arm-none-eabi/9.2.1/../../../../arm-none-eabi/lib/thumb/v6-m/nofp/libnosys.a(kill.o)
 .data          0x000000002000001c        0x0 /Users/alfredosantiago/gcc-arm-none-eabi-9-2019-q4-major/bin/../lib/gcc/arm-none-eabi/9.2.1/../../../../arm-none-eabi/lib/thumb/v6-m/nofp/libnosys.a(sbrk.o)
 .data          0x000000002000001c        0x0 /Users/alfredosantiago/gcc-arm-none-eabi-9-2019-q4-major/bin/../lib/gcc/arm-none-eabi/9.2.1/../../../../arm-none-eabi/lib/thumb/v6-m/nofp/libnosys.a(_exit.o)
 .data          0x000000002000001c        0x0 /Users/alfredosantiago/gcc-arm-none-eabi-9-2019-q4-major/bin/../lib/gcc/arm-none-eabi/9.2.1/thumb/v6-m/nofp/crtend.o
 .data          0x000000002000001c        0x0 /Users/alfredosantiago/gcc-arm-none-eabi-9-2019-q4-major/bin/../lib/gcc/arm-none-eabi/9.2.1/thumb/v6-m/nofp/crtn.o
 *(.data*)
 .data._impure_ptr
                0x000000002000001c        0x4 /Users/alfredosantiago/gcc-arm-none-eabi-9-2019-q4-major/bin/../lib/gcc/arm-none-eabi/9.2.1/../../../../arm-none-eabi/lib/thumb/v6-m/nofp/libc.a(lib_a-impure.o)
                0x000000002000001c                _impure_ptr
 .data.impure_data
                0x0000000020000020      0x428 /Users/alfredosantiago/gcc-arm-none-eabi-9-2019-q4-major/bin/../lib/gcc/arm-none-eabi/9.2.1/../../../../arm-none-eabi/lib/thumb/v6-m/nofp/libc.a(lib_a-impure.o)
 .data.__atexit_recursive_mutex
                0x0000000020000448        0x4 /Users/alfredosantiago/gcc-arm-none-eabi-9-2019-q4-major/bin/../lib/gcc/arm-none-eabi/9.2.1/../../../../arm-none-eabi/lib/thumb/v6-m/nofp/libc.a(lib_a-__call_atexit.o)
                0x0000000020000448                __atexit_recursive_mutex
 .data.__malloc_av_
                0x000000002000044c      0x408 /Users/alfredosantiago/gcc-arm-none-eabi-9-2019-q4-major/bin/../lib/gcc/arm-none-eabi/9.2.1/../../../../arm-none-eabi/lib/thumb/v6-m/nofp/libc.a(lib_a-mallocr.o)
                0x000000002000044c                __malloc_av_
 .data.__malloc_sbrk_base
                0x0000000020000854        0x4 /Users/alfredosantiago/gcc-arm-none-eabi-9-2019-q4-major/bin/../lib/gcc/arm-none-eabi/9.2.1/../../../../arm-none-eabi/lib/thumb/v6-m/nofp/libc.a(lib_a-mallocr.o)
                0x0000000020000854                __malloc_sbrk_base
 .data.__malloc_trim_threshold
                0x0000000020000858        0x4 /Users/alfredosantiago/gcc-arm-none-eabi-9-2019-q4-major/bin/../lib/gcc/arm-none-eabi/9.2.1/../../../../arm-none-eabi/lib/thumb/v6-m/nofp/libc.a(lib_a-mallocr.o)
                0x0000000020000858                __malloc_trim_threshold
 .data.__global_locale
                0x000000002000085c      0x16c /Users/alfredosantiago/gcc-arm-none-eabi-9-2019-q4-major/bin/../lib/gcc/arm-none-eabi/9.2.1/../../../../arm-none-eabi/lib/thumb/v6-m/nofp/libc.a(lib_a-locale.o)
                0x000000002000085c                __global_locale
                0x00000000200009c8                . = ALIGN (0x4)
                0x00000000200009c8                _edata = .

.igot.plt       0x00000000200009c8        0x0 load address 0x000000000800a4d4
 .igot.plt      0x00000000200009c8        0x0 /Users/alfredosantiago/gcc-arm-none-eabi-9-2019-q4-major/bin/../lib/gcc/arm-none-eabi/9.2.1/thumb/v6-m/nofp/crtbegin.o
                0x00000000200009c8                . = ALIGN (0x4)

.bss            0x00000000200009c8       0x84 load address 0x000000000800a4d4
                0x00000000200009c8                _sbss = .
                0x00000000200009c8                __bss_start__ = _sbss
 *(.bss)
 .bss           0x00000000200009c8        0x0 /Users/alfredosantiago/gcc-arm-none-eabi-9-2019-q4-major/bin/../lib/gcc/arm-none-eabi/9.2.1/thumb/v6-m/nofp/crti.o
 .bss           0x00000000200009c8       0x1c /Users/alfredosantiago/gcc-arm-none-eabi-9-2019-q4-major/bin/../lib/gcc/arm-none-eabi/9.2.1/thumb/v6-m/nofp/crtbegin.o
 .bss           0x00000000200009e4        0x0 /Users/alfredosantiago/gcc-arm-none-eabi-9-2019-q4-major/bin/../lib/gcc/arm-none-eabi/9.2.1/../../../../arm-none-eabi/lib/thumb/v6-m/nofp/crt0.o
 .bss           0x00000000200009e4        0x0 main.o
 .bss           0x00000000200009e4        0x0 system_stm32f0xx.o
 .bss           0x00000000200009e4        0x0 stm32f0xx_it.o
 .bss           0x00000000200009e4        0x4 delay.o
 .bss           0x00000000200009e8        0x0 can.o
 .bss           0x00000000200009e8        0x0 virtualCom.o
 .bss           0x00000000200009e8        0x0 /var/folders/z7/r0sl_m4s4cjddj85mgx_0msh0000gn/T//ccDx45zD.o
 .bss           0x00000000200009e8        0x0 /Users/alfredosantiago/gcc-arm-none-eabi-9-2019-q4-major/bin/../lib/gcc/arm-none-eabi/9.2.1/thumb/v6-m/nofp/libgcc.a(_udivsi3.o)
 .bss           0x00000000200009e8        0x0 /Users/alfredosantiago/gcc-arm-none-eabi-9-2019-q4-major/bin/../lib/gcc/arm-none-eabi/9.2.1/thumb/v6-m/nofp/libgcc.a(_dvmd_tls.o)
 .bss           0x00000000200009e8        0x0 /Users/alfredosantiago/gcc-arm-none-eabi-9-2019-q4-major/bin/../lib/gcc/arm-none-eabi/9.2.1/thumb/v6-m/nofp/libgcc.a(unwind-arm.o)
 .bss           0x00000000200009e8        0x0 /Users/alfredosantiago/gcc-arm-none-eabi-9-2019-q4-major/bin/../lib/gcc/arm-none-eabi/9.2.1/thumb/v6-m/nofp/libgcc.a(libunwind.o)
 .bss           0x00000000200009e8        0x0 /Users/alfredosantiago/gcc-arm-none-eabi-9-2019-q4-major/bin/../lib/gcc/arm-none-eabi/9.2.1/thumb/v6-m/nofp/libgcc.a(pr-support.o)
 .bss           0x00000000200009e8        0x0 /Users/alfredosantiago/gcc-arm-none-eabi-9-2019-q4-major/bin/../lib/gcc/arm-none-eabi/9.2.1/../../../../arm-none-eabi/lib/thumb/v6-m/nofp/libc.a(lib_a-abort.o)
 .bss           0x00000000200009e8        0x0 /Users/alfredosantiago/gcc-arm-none-eabi-9-2019-q4-major/bin/../lib/gcc/arm-none-eabi/9.2.1/../../../../arm-none-eabi/lib/thumb/v6-m/nofp/libc.a(lib_a-exit.o)
 .bss           0x00000000200009e8        0x0 /Users/alfredosantiago/gcc-arm-none-eabi-9-2019-q4-major/bin/../lib/gcc/arm-none-eabi/9.2.1/../../../../arm-none-eabi/lib/thumb/v6-m/nofp/libc.a(lib_a-impure.o)
 .bss           0x00000000200009e8        0x0 /Users/alfredosantiago/gcc-arm-none-eabi-9-2019-q4-major/bin/../lib/gcc/arm-none-eabi/9.2.1/../../../../arm-none-eabi/lib/thumb/v6-m/nofp/libc.a(lib_a-init.o)
 .bss           0x00000000200009e8        0x0 /Users/alfredosantiago/gcc-arm-none-eabi-9-2019-q4-major/bin/../lib/gcc/arm-none-eabi/9.2.1/../../../../arm-none-eabi/lib/thumb/v6-m/nofp/libc.a(lib_a-memcpy-stub.o)
 .bss           0x00000000200009e8        0x0 /Users/alfredosantiago/gcc-arm-none-eabi-9-2019-q4-major/bin/../lib/gcc/arm-none-eabi/9.2.1/../../../../arm-none-eabi/lib/thumb/v6-m/nofp/libc.a(lib_a-memset.o)
 .bss           0x00000000200009e8        0x0 /Users/alfredosantiago/gcc-arm-none-eabi-9-2019-q4-major/bin/../lib/gcc/arm-none-eabi/9.2.1/../../../../arm-none-eabi/lib/thumb/v6-m/nofp/libc.a(lib_a-signal.o)
 .bss           0x00000000200009e8        0x0 /Users/alfredosantiago/gcc-arm-none-eabi-9-2019-q4-major/bin/../lib/gcc/arm-none-eabi/9.2.1/../../../../arm-none-eabi/lib/thumb/v6-m/nofp/libc.a(lib_a-signalr.o)
 .bss           0x00000000200009e8        0x0 /Users/alfredosantiago/gcc-arm-none-eabi-9-2019-q4-major/bin/../lib/gcc/arm-none-eabi/9.2.1/../../../../arm-none-eabi/lib/thumb/v6-m/nofp/libc.a(lib_a-strlen-stub.o)
 .bss           0x00000000200009e8        0x0 /Users/alfredosantiago/gcc-arm-none-eabi-9-2019-q4-major/bin/../lib/gcc/arm-none-eabi/9.2.1/../../../../arm-none-eabi/lib/thumb/v6-m/nofp/libc.a(lib_a-vsprintf.o)
 .bss           0x00000000200009e8        0x0 /Users/alfredosantiago/gcc-arm-none-eabi-9-2019-q4-major/bin/../lib/gcc/arm-none-eabi/9.2.1/../../../../arm-none-eabi/lib/thumb/v6-m/nofp/libc.a(lib_a-__call_atexit.o)
 .bss           0x00000000200009e8        0x0 /Users/alfredosantiago/gcc-arm-none-eabi-9-2019-q4-major/bin/../lib/gcc/arm-none-eabi/9.2.1/../../../../arm-none-eabi/lib/thumb/v6-m/nofp/libc.a(lib_a-atexit.o)
 .bss           0x00000000200009e8        0x0 /Users/alfredosantiago/gcc-arm-none-eabi-9-2019-q4-major/bin/../lib/gcc/arm-none-eabi/9.2.1/../../../../arm-none-eabi/lib/thumb/v6-m/nofp/libc.a(lib_a-fini.o)
 .bss           0x00000000200009e8        0x0 /Users/alfredosantiago/gcc-arm-none-eabi-9-2019-q4-major/bin/../lib/gcc/arm-none-eabi/9.2.1/../../../../arm-none-eabi/lib/thumb/v6-m/nofp/libc.a(lib_a-lock.o)
 .bss           0x00000000200009e8        0x0 /Users/alfredosantiago/gcc-arm-none-eabi-9-2019-q4-major/bin/../lib/gcc/arm-none-eabi/9.2.1/../../../../arm-none-eabi/lib/thumb/v6-m/nofp/libc.a(lib_a-mallocr.o)
 .bss           0x00000000200009e8        0x0 /Users/alfredosantiago/gcc-arm-none-eabi-9-2019-q4-major/bin/../lib/gcc/arm-none-eabi/9.2.1/../../../../arm-none-eabi/lib/thumb/v6-m/nofp/libc.a(lib_a-mlock.o)
 .bss           0x00000000200009e8        0x0 /Users/alfredosantiago/gcc-arm-none-eabi-9-2019-q4-major/bin/../lib/gcc/arm-none-eabi/9.2.1/../../../../arm-none-eabi/lib/thumb/v6-m/nofp/libc.a(lib_a-reent.o)
 .bss           0x00000000200009e8        0x0 /Users/alfredosantiago/gcc-arm-none-eabi-9-2019-q4-major/bin/../lib/gcc/arm-none-eabi/9.2.1/../../../../arm-none-eabi/lib/thumb/v6-m/nofp/libc.a(lib_a-sbrkr.o)
 .bss           0x00000000200009e8        0x0 /Users/alfredosantiago/gcc-arm-none-eabi-9-2019-q4-major/bin/../lib/gcc/arm-none-eabi/9.2.1/../../../../arm-none-eabi/lib/thumb/v6-m/nofp/libc.a(lib_a-svfprintf.o)
 .bss           0x00000000200009e8        0x0 /Users/alfredosantiago/gcc-arm-none-eabi-9-2019-q4-major/bin/../lib/gcc/arm-none-eabi/9.2.1/../../../../arm-none-eabi/lib/thumb/v6-m/nofp/libc.a(lib_a-__atexit.o)
 .bss           0x00000000200009e8        0x0 /Users/alfredosantiago/gcc-arm-none-eabi-9-2019-q4-major/bin/../lib/gcc/arm-none-eabi/9.2.1/../../../../arm-none-eabi/lib/thumb/v6-m/nofp/libc.a(lib_a-dtoa.o)
 .bss           0x00000000200009e8        0x0 /Users/alfredosantiago/gcc-arm-none-eabi-9-2019-q4-major/bin/../lib/gcc/arm-none-eabi/9.2.1/../../../../arm-none-eabi/lib/thumb/v6-m/nofp/libc.a(lib_a-freer.o)
 .bss           0x00000000200009e8        0x0 /Users/alfredosantiago/gcc-arm-none-eabi-9-2019-q4-major/bin/../lib/gcc/arm-none-eabi/9.2.1/../../../../arm-none-eabi/lib/thumb/v6-m/nofp/libc.a(lib_a-localeconv.o)
 .bss           0x00000000200009e8        0x0 /Users/alfredosantiago/gcc-arm-none-eabi-9-2019-q4-major/bin/../lib/gcc/arm-none-eabi/9.2.1/../../../../arm-none-eabi/lib/thumb/v6-m/nofp/libc.a(lib_a-memchr-stub.o)
 .bss           0x00000000200009e8        0x0 /Users/alfredosantiago/gcc-arm-none-eabi-9-2019-q4-major/bin/../lib/gcc/arm-none-eabi/9.2.1/../../../../arm-none-eabi/lib/thumb/v6-m/nofp/libc.a(lib_a-mprec.o)
 .bss           0x00000000200009e8        0x0 /Users/alfredosantiago/gcc-arm-none-eabi-9-2019-q4-major/bin/../lib/gcc/arm-none-eabi/9.2.1/../../../../arm-none-eabi/lib/thumb/v6-m/nofp/libc.a(lib_a-s_frexp.o)
 .bss           0x00000000200009e8        0x0 /Users/alfredosantiago/gcc-arm-none-eabi-9-2019-q4-major/bin/../lib/gcc/arm-none-eabi/9.2.1/../../../../arm-none-eabi/lib/thumb/v6-m/nofp/libc.a(lib_a-strncpy.o)
 .bss           0x00000000200009e8        0x0 /Users/alfredosantiago/gcc-arm-none-eabi-9-2019-q4-major/bin/../lib/gcc/arm-none-eabi/9.2.1/../../../../arm-none-eabi/lib/thumb/v6-m/nofp/libc.a(lib_a-svfiprintf.o)
 .bss           0x00000000200009e8        0x0 /Users/alfredosantiago/gcc-arm-none-eabi-9-2019-q4-major/bin/../lib/gcc/arm-none-eabi/9.2.1/../../../../arm-none-eabi/lib/thumb/v6-m/nofp/libc.a(lib_a-callocr.o)
 .bss           0x00000000200009e8        0x0 /Users/alfredosantiago/gcc-arm-none-eabi-9-2019-q4-major/bin/../lib/gcc/arm-none-eabi/9.2.1/../../../../arm-none-eabi/lib/thumb/v6-m/nofp/libc.a(lib_a-locale.o)
 .bss           0x00000000200009e8        0x0 /Users/alfredosantiago/gcc-arm-none-eabi-9-2019-q4-major/bin/../lib/gcc/arm-none-eabi/9.2.1/../../../../arm-none-eabi/lib/thumb/v6-m/nofp/libc.a(lib_a-mbtowc_r.o)
 .bss           0x00000000200009e8        0x0 /Users/alfredosantiago/gcc-arm-none-eabi-9-2019-q4-major/bin/../lib/gcc/arm-none-eabi/9.2.1/../../../../arm-none-eabi/lib/thumb/v6-m/nofp/libc.a(lib_a-memmove.o)
 .bss           0x00000000200009e8        0x0 /Users/alfredosantiago/gcc-arm-none-eabi-9-2019-q4-major/bin/../lib/gcc/arm-none-eabi/9.2.1/../../../../arm-none-eabi/lib/thumb/v6-m/nofp/libc.a(lib_a-reallocr.o)
 .bss           0x00000000200009e8        0x0 /Users/alfredosantiago/gcc-arm-none-eabi-9-2019-q4-major/bin/../lib/gcc/arm-none-eabi/9.2.1/../../../../arm-none-eabi/lib/thumb/v6-m/nofp/libc.a(lib_a-strcmp.o)
 .bss           0x00000000200009e8        0x0 /Users/alfredosantiago/gcc-arm-none-eabi-9-2019-q4-major/bin/../lib/gcc/arm-none-eabi/9.2.1/../../../../arm-none-eabi/lib/thumb/v6-m/nofp/libc.a(lib_a-wctomb_r.o)
 .bss           0x00000000200009e8        0x0 /Users/alfredosantiago/gcc-arm-none-eabi-9-2019-q4-major/bin/../lib/gcc/arm-none-eabi/9.2.1/../../../../arm-none-eabi/lib/thumb/v6-m/nofp/libc.a(lib_a-ctype_.o)
 .bss           0x00000000200009e8        0x0 /Users/alfredosantiago/gcc-arm-none-eabi-9-2019-q4-major/bin/../lib/gcc/arm-none-eabi/9.2.1/thumb/v6-m/nofp/libgcc.a(_divsi3.o)
 .bss           0x00000000200009e8        0x0 /Users/alfredosantiago/gcc-arm-none-eabi-9-2019-q4-major/bin/../lib/gcc/arm-none-eabi/9.2.1/thumb/v6-m/nofp/libgcc.a(_arm_cmpdf2.o)
 .bss           0x00000000200009e8        0x0 /Users/alfredosantiago/gcc-arm-none-eabi-9-2019-q4-major/bin/../lib/gcc/arm-none-eabi/9.2.1/thumb/v6-m/nofp/libgcc.a(_aeabi_uldivmod.o)
 .bss           0x00000000200009e8        0x0 /Users/alfredosantiago/gcc-arm-none-eabi-9-2019-q4-major/bin/../lib/gcc/arm-none-eabi/9.2.1/thumb/v6-m/nofp/libgcc.a(_udivmoddi4.o)
 .bss           0x00000000200009e8        0x0 /Users/alfredosantiago/gcc-arm-none-eabi-9-2019-q4-major/bin/../lib/gcc/arm-none-eabi/9.2.1/thumb/v6-m/nofp/libgcc.a(adddf3.o)
 .bss           0x00000000200009e8        0x0 /Users/alfredosantiago/gcc-arm-none-eabi-9-2019-q4-major/bin/../lib/gcc/arm-none-eabi/9.2.1/thumb/v6-m/nofp/libgcc.a(divdf3.o)
 .bss           0x00000000200009e8        0x0 /Users/alfredosantiago/gcc-arm-none-eabi-9-2019-q4-major/bin/../lib/gcc/arm-none-eabi/9.2.1/thumb/v6-m/nofp/libgcc.a(eqdf2.o)
 .bss           0x00000000200009e8        0x0 /Users/alfredosantiago/gcc-arm-none-eabi-9-2019-q4-major/bin/../lib/gcc/arm-none-eabi/9.2.1/thumb/v6-m/nofp/libgcc.a(gedf2.o)
 .bss           0x00000000200009e8        0x0 /Users/alfredosantiago/gcc-arm-none-eabi-9-2019-q4-major/bin/../lib/gcc/arm-none-eabi/9.2.1/thumb/v6-m/nofp/libgcc.a(ledf2.o)
 .bss           0x00000000200009e8        0x0 /Users/alfredosantiago/gcc-arm-none-eabi-9-2019-q4-major/bin/../lib/gcc/arm-none-eabi/9.2.1/thumb/v6-m/nofp/libgcc.a(muldf3.o)
 .bss           0x00000000200009e8        0x0 /Users/alfredosantiago/gcc-arm-none-eabi-9-2019-q4-major/bin/../lib/gcc/arm-none-eabi/9.2.1/thumb/v6-m/nofp/libgcc.a(subdf3.o)
 .bss           0x00000000200009e8        0x0 /Users/alfredosantiago/gcc-arm-none-eabi-9-2019-q4-major/bin/../lib/gcc/arm-none-eabi/9.2.1/thumb/v6-m/nofp/libgcc.a(unorddf2.o)
 .bss           0x00000000200009e8        0x0 /Users/alfredosantiago/gcc-arm-none-eabi-9-2019-q4-major/bin/../lib/gcc/arm-none-eabi/9.2.1/thumb/v6-m/nofp/libgcc.a(fixdfsi.o)
 .bss           0x00000000200009e8        0x0 /Users/alfredosantiago/gcc-arm-none-eabi-9-2019-q4-major/bin/../lib/gcc/arm-none-eabi/9.2.1/thumb/v6-m/nofp/libgcc.a(floatsidf.o)
 .bss           0x00000000200009e8        0x0 /Users/alfredosantiago/gcc-arm-none-eabi-9-2019-q4-major/bin/../lib/gcc/arm-none-eabi/9.2.1/thumb/v6-m/nofp/libgcc.a(floatunsidf.o)
 .bss           0x00000000200009e8        0x0 /Users/alfredosantiago/gcc-arm-none-eabi-9-2019-q4-major/bin/../lib/gcc/arm-none-eabi/9.2.1/thumb/v6-m/nofp/libgcc.a(_clzsi2.o)
 .bss           0x00000000200009e8        0x0 /Users/alfredosantiago/gcc-arm-none-eabi-9-2019-q4-major/bin/../lib/gcc/arm-none-eabi/9.2.1/thumb/v6-m/nofp/libgcc.a(_clzdi2.o)
 .bss           0x00000000200009e8        0x0 /Users/alfredosantiago/gcc-arm-none-eabi-9-2019-q4-major/bin/../lib/gcc/arm-none-eabi/9.2.1/../../../../arm-none-eabi/lib/thumb/v6-m/nofp/libnosys.a(getpid.o)
 .bss           0x00000000200009e8        0x0 /Users/alfredosantiago/gcc-arm-none-eabi-9-2019-q4-major/bin/../lib/gcc/arm-none-eabi/9.2.1/../../../../arm-none-eabi/lib/thumb/v6-m/nofp/libnosys.a(kill.o)
 .bss           0x00000000200009e8        0x0 /Users/alfredosantiago/gcc-arm-none-eabi-9-2019-q4-major/bin/../lib/gcc/arm-none-eabi/9.2.1/../../../../arm-none-eabi/lib/thumb/v6-m/nofp/libnosys.a(sbrk.o)
 .bss           0x00000000200009e8        0x0 /Users/alfredosantiago/gcc-arm-none-eabi-9-2019-q4-major/bin/../lib/gcc/arm-none-eabi/9.2.1/../../../../arm-none-eabi/lib/thumb/v6-m/nofp/libnosys.a(_exit.o)
 .bss           0x00000000200009e8        0x0 /Users/alfredosantiago/gcc-arm-none-eabi-9-2019-q4-major/bin/../lib/gcc/arm-none-eabi/9.2.1/thumb/v6-m/nofp/crtend.o
 .bss           0x00000000200009e8        0x0 /Users/alfredosantiago/gcc-arm-none-eabi-9-2019-q4-major/bin/../lib/gcc/arm-none-eabi/9.2.1/thumb/v6-m/nofp/crtn.o
 *(.bss*)
 .bss.__malloc_current_mallinfo
                0x00000000200009e8       0x28 /Users/alfredosantiago/gcc-arm-none-eabi-9-2019-q4-major/bin/../lib/gcc/arm-none-eabi/9.2.1/../../../../arm-none-eabi/lib/thumb/v6-m/nofp/libc.a(lib_a-mallocr.o)
                0x00000000200009e8                __malloc_current_mallinfo
 .bss.__malloc_max_sbrked_mem
                0x0000000020000a10        0x4 /Users/alfredosantiago/gcc-arm-none-eabi-9-2019-q4-major/bin/../lib/gcc/arm-none-eabi/9.2.1/../../../../arm-none-eabi/lib/thumb/v6-m/nofp/libc.a(lib_a-mallocr.o)
                0x0000000020000a10                __malloc_max_sbrked_mem
 .bss.__malloc_max_total_mem
                0x0000000020000a14        0x4 /Users/alfredosantiago/gcc-arm-none-eabi-9-2019-q4-major/bin/../lib/gcc/arm-none-eabi/9.2.1/../../../../arm-none-eabi/lib/thumb/v6-m/nofp/libc.a(lib_a-mallocr.o)
                0x0000000020000a14                __malloc_max_total_mem
 .bss.__malloc_top_pad
                0x0000000020000a18        0x4 /Users/alfredosantiago/gcc-arm-none-eabi-9-2019-q4-major/bin/../lib/gcc/arm-none-eabi/9.2.1/../../../../arm-none-eabi/lib/thumb/v6-m/nofp/libc.a(lib_a-mallocr.o)
                0x0000000020000a18                __malloc_top_pad
 .bss._PathLocale
                0x0000000020000a1c        0x4 /Users/alfredosantiago/gcc-arm-none-eabi-9-2019-q4-major/bin/../lib/gcc/arm-none-eabi/9.2.1/../../../../arm-none-eabi/lib/thumb/v6-m/nofp/libc.a(lib_a-locale.o)
                0x0000000020000a1c                _PathLocale
 .bss.heap_end.4144
                0x0000000020000a20        0x4 /Users/alfredosantiago/gcc-arm-none-eabi-9-2019-q4-major/bin/../lib/gcc/arm-none-eabi/9.2.1/../../../../arm-none-eabi/lib/thumb/v6-m/nofp/libnosys.a(sbrk.o)
 *(COMMON)
 COMMON         0x0000000020000a24       0x21 /Users/alfredosantiago/gcc-arm-none-eabi-9-2019-q4-major/bin/../lib/gcc/arm-none-eabi/9.2.1/../../../../arm-none-eabi/lib/thumb/v6-m/nofp/libc.a(lib_a-lock.o)
                0x0000000020000a24                __lock___atexit_recursive_mutex
                0x0000000020000a28                __lock___arc4random_mutex
                0x0000000020000a2c                __lock___env_recursive_mutex
                0x0000000020000a30                __lock___sinit_recursive_mutex
                0x0000000020000a34                __lock___malloc_recursive_mutex
                0x0000000020000a38                __lock___at_quick_exit_mutex
                0x0000000020000a3c                __lock___dd_hash_mutex
                0x0000000020000a40                __lock___tz_mutex
                0x0000000020000a44                __lock___sfp_recursive_mutex
 *fill*         0x0000000020000a45        0x3 
 COMMON         0x0000000020000a48        0x4 /Users/alfredosantiago/gcc-arm-none-eabi-9-2019-q4-major/bin/../lib/gcc/arm-none-eabi/9.2.1/../../../../arm-none-eabi/lib/thumb/v6-m/nofp/libc.a(lib_a-reent.o)